2019-06-18 13:43:21,018 INFO org.isen.weather.model.impl.DefaultMyWeatherModel(1.) [AWT-EventQueue-0] get location for london
2019-06-18 13:43:21,841 INFO org.isen.weather.model.impl.DefaultMyWeatherModel$getLocationFor$2(1.) [Thread-6] StatusCode : 200
2019-06-18 13:43:21,844 INFO org.isen.weather.model.impl.DefaultMyWeatherModel$$special$$inlined$observable$1(1.) [Thread-6] Location property change, notify observer
2019-06-18 13:43:21,940 INFO org.isen.weather.view.impl.MySimpleView(1.) [Thread-6] receive location search data
2019-06-18 13:43:21,944 INFO org.isen.weather.view.impl.MySimpleView(1.) [Thread-6] receive location search data
2019-06-18 13:43:30,132 INFO org.isen.weather.model.impl.DefaultMyWeatherModel(1.) [AWT-EventQueue-0] get location for paris
2019-06-18 13:43:30,360 INFO org.isen.weather.model.impl.DefaultMyWeatherModel$getLocationFor$2(1.) [Thread-6] StatusCode : 200
2019-06-18 13:43:30,360 INFO org.isen.weather.model.impl.DefaultMyWeatherModel$$special$$inlined$observable$1(1.) [Thread-6] Location property change, notify observer
2019-06-18 13:43:30,360 INFO org.isen.weather.view.impl.MySimpleView(1.) [Thread-6] receive location search data
2019-06-18 13:43:30,360 INFO org.isen.weather.view.impl.MySimpleView(1.) [Thread-6] receive location search data
2019-06-18 13:43:39,858 INFO org.isen.weather.model.impl.DefaultMyWeatherModel(1.) [AWT-EventQueue-0] get location for strasbourg
2019-06-18 13:43:40,044 INFO org.isen.weather.model.impl.DefaultMyWeatherModel$getLocationFor$2(1.) [Thread-6] StatusCode : 200
2019-06-18 13:43:40,047 INFO org.isen.weather.model.impl.DefaultMyWeatherModel$getLocationFor$2(1.) [Thread-6] StatusCode : -1
2019-06-18 13:43:55,774 INFO org.isen.weather.model.impl.DefaultMyWeatherModel(1.) [AWT-EventQueue-0] get location for munich
2019-06-18 13:43:55,982 INFO org.isen.weather.model.impl.DefaultMyWeatherModel$getLocationFor$2(1.) [Thread-6] StatusCode : 200
2019-06-18 13:43:55,982 INFO org.isen.weather.model.impl.DefaultMyWeatherModel$$special$$inlined$observable$1(1.) [Thread-6] Location property change, notify observer
2019-06-18 13:43:55,986 INFO org.isen.weather.view.impl.MySimpleView(1.) [Thread-6] receive location search data
2019-06-18 13:43:55,986 INFO org.isen.weather.view.impl.MySimpleView(1.) [Thread-6] receive location search data
2019-06-18 13:44:49,918 INFO org.isen.weather.model.impl.DefaultMyWeatherModel(1.) [AWT-EventQueue-0] get location for london
2019-06-18 13:44:50,728 INFO org.isen.weather.model.impl.DefaultMyWeatherModel$getLocationFor$2(1.) [Thread-6] StatusCode : 200
2019-06-18 13:44:50,728 INFO org.isen.weather.model.impl.DefaultMyWeatherModel$$special$$inlined$observable$1(1.) [Thread-6] Location property change, notify observer
2019-06-18 13:44:50,824 INFO org.isen.weather.view.impl.MySimpleView(1.) [Thread-6] receive location search data
2019-06-18 16:56:09,866 INFO org.isen.weather.model.impl.DefaultMyWeatherModel(1.) [AWT-EventQueue-0] get location for london
2019-06-18 16:56:10,762 INFO org.isen.weather.model.impl.DefaultMyWeatherModel$getLocationFor$2(1.) [Thread-6] StatusCode : -1
2019-06-18 16:56:19,700 INFO org.isen.weather.model.impl.DefaultMyWeatherModel(1.) [AWT-EventQueue-0] get location for londre
2019-06-18 16:56:19,700 INFO org.isen.weather.model.impl.DefaultMyWeatherModel$getLocationFor$2(1.) [Thread-6] StatusCode : -1
2019-06-18 16:56:31,562 INFO org.isen.weather.model.impl.DefaultMyWeatherModel(1.) [AWT-EventQueue-0] get location for london
2019-06-18 16:56:32,109 INFO org.isen.weather.model.impl.DefaultMyWeatherModel$getLocationFor$2(1.) [Thread-6] StatusCode : 200
2019-06-18 16:56:32,109 INFO org.isen.weather.model.impl.DefaultMyWeatherModel$$special$$inlined$observable$1(1.) [Thread-6] Location property change, notify observer
2019-06-18 16:56:32,296 INFO org.isen.weather.view.impl.MySimpleView(1.) [Thread-6] receive location search data
2019-06-18 16:58:20,447 INFO org.isen.weather.model.impl.DefaultMyWeatherModel(1.) [AWT-EventQueue-0] get location for london
2019-06-18 16:58:21,713 INFO org.isen.weather.model.impl.DefaultMyWeatherModel$getLocationFor$2(1.) [Thread-6] StatusCode : 200
2019-06-18 16:58:21,713 INFO org.isen.weather.model.impl.DefaultMyWeatherModel$$special$$inlined$observable$1(1.) [Thread-6] Location property change, notify observer
2019-06-18 16:58:21,884 INFO org.isen.weather.view.impl.MySimpleView(1.) [Thread-6] receive location search data
2019-06-18 17:03:38,822 INFO org.isen.weather.model.impl.DefaultMyWeatherModel(1.) [AWT-EventQueue-0] get location for london
2019-06-18 17:03:40,056 INFO org.isen.weather.model.impl.DefaultMyWeatherModel$getLocationFor$2(1.) [Thread-6] StatusCode : 200
2019-06-18 17:03:40,056 INFO org.isen.weather.model.impl.DefaultMyWeatherModel$$special$$inlined$observable$1(1.) [Thread-6] Location property change, notify observer
2019-06-18 17:03:40,212 INFO org.isen.weather.view.impl.MySimpleView(1.) [Thread-6] receive location search data
2019-06-18 17:04:21,176 INFO org.isen.weather.model.impl.DefaultMyWeatherModel(1.) [AWT-EventQueue-0] get location for london
2019-06-18 17:04:22,322 INFO org.isen.weather.model.impl.DefaultMyWeatherModel$getLocationFor$2(1.) [Thread-6] StatusCode : 200
2019-06-18 17:04:22,322 INFO org.isen.weather.model.impl.DefaultMyWeatherModel$$special$$inlined$observable$1(1.) [Thread-6] Location property change, notify observer
2019-06-18 17:04:22,491 INFO org.isen.weather.view.impl.MySimpleView(1.) [Thread-6] receive location search data
2019-06-18 17:06:42,320 INFO org.isen.weather.model.impl.DefaultMyWeatherModel(1.) [AWT-EventQueue-0] get location for 
2019-06-18 17:06:43,401 INFO org.isen.weather.model.impl.DefaultMyWeatherModel$getLocationFor$2(1.) [Thread-6] StatusCode : 403
2019-06-18 17:06:47,677 INFO org.isen.weather.model.impl.DefaultMyWeatherModel(1.) [AWT-EventQueue-0] get location for london
2019-06-18 17:06:47,817 INFO org.isen.weather.model.impl.DefaultMyWeatherModel$getLocationFor$2(1.) [Thread-6] StatusCode : 200
2019-06-18 17:06:47,817 INFO org.isen.weather.model.impl.DefaultMyWeatherModel$$special$$inlined$observable$1(1.) [Thread-6] Location property change, notify observer
2019-06-18 17:06:47,989 INFO org.isen.weather.view.impl.MySimpleView(1.) [Thread-6] receive location search data
2019-06-18 17:08:38,376 INFO org.isen.weather.model.impl.DefaultMyWeatherModel(1.) [AWT-EventQueue-0] get location for london
2019-06-18 17:08:39,517 INFO org.isen.weather.model.impl.DefaultMyWeatherModel$getLocationFor$2(1.) [Thread-6] StatusCode : 200
2019-06-18 17:08:39,517 INFO org.isen.weather.model.impl.DefaultMyWeatherModel$$special$$inlined$observable$1(1.) [Thread-6] Location property change, notify observer
2019-06-18 17:08:39,689 INFO org.isen.weather.view.impl.MySimpleView(1.) [Thread-6] receive location search data
2019-06-18 17:08:58,923 INFO org.isen.weather.model.impl.DefaultMyWeatherModel(1.) [AWT-EventQueue-0] get location for london
2019-06-18 17:09:00,079 INFO org.isen.weather.model.impl.DefaultMyWeatherModel$getLocationFor$2(1.) [Thread-6] StatusCode : 200
2019-06-18 17:09:00,079 INFO org.isen.weather.model.impl.DefaultMyWeatherModel$$special$$inlined$observable$1(1.) [Thread-6] Location property change, notify observer
2019-06-18 17:09:00,251 INFO org.isen.weather.view.impl.MySimpleView(1.) [Thread-6] receive location search data
2019-06-18 17:13:45,485 INFO org.isen.weather.model.impl.DefaultMyWeatherModel(1.) [AWT-EventQueue-0] get location for london
2019-06-18 17:13:46,820 INFO org.isen.weather.model.impl.DefaultMyWeatherModel$getLocationFor$2(1.) [Thread-6] StatusCode : 200
2019-06-18 17:13:46,822 INFO org.isen.weather.model.impl.DefaultMyWeatherModel$$special$$inlined$observable$1(1.) [Thread-6] Location property change, notify observer
2019-06-18 17:13:46,980 INFO org.isen.weather.view.impl.MySimpleView(1.) [Thread-6] receive location search data
2019-06-18 17:13:46,981 INFO org.isen.weather.model.impl.DefaultMyWeatherModel(1.) [Thread-6] get weather for 44418
2019-06-18 17:13:49,579 INFO org.isen.weather.model.impl.DefaultMyWeatherModel$getWeatherFor$2(1.) [Thread-6] StatusCode : 200
2019-06-18 17:13:49,579 INFO org.isen.weather.model.impl.DefaultMyWeatherModel$$special$$inlined$observable$2(1.) [Thread-6] WeatherData property change, notify observer
2019-06-18 17:13:49,579 INFO org.isen.weather.view.impl.MySimpleView(1.) [Thread-6] receive location data
2019-06-18 17:13:49,579 DEBUG org.isen.weather.view.impl.MySimpleView(1.) [Thread-6] updateWeatherInfo ConsolidatedWeatherData(id=5182714481213440, weather_state_name=Heavy Rain, weather_state_abbr=hr, applicable_date=Tue Jun 18 00:00:00 CEST 2019, min_temp=13.69, max_temp=20.045, the_temp=17.66, wind_speed=3.7478442, wind_direction=234.80095, wind_direction_compass=SW, air_pressure=1013.945, humidity=70.0, visibility=5.962678, predictability=77)
2019-06-18 17:13:49,798 DEBUG org.isen.weather.view.impl.MySimpleView(1.) [Thread-6] updateWeatherInfo ConsolidatedWeatherData(id=4796442302480384, weather_state_name=Light Rain, weather_state_abbr=lr, applicable_date=Wed Jun 19 00:00:00 CEST 2019, min_temp=13.085, max_temp=18.51, the_temp=17.615, wind_speed=5.119931, wind_direction=280.28778, wind_direction_compass=W, air_pressure=1007.135, humidity=79.0, visibility=8.530495, predictability=75)
2019-06-18 17:13:49,954 DEBUG org.isen.weather.view.impl.MySimpleView(1.) [Thread-6] updateWeatherInfo ConsolidatedWeatherData(id=5919195889926144, weather_state_name=Showers, weather_state_abbr=s, applicable_date=Thu Jun 20 00:00:00 CEST 2019, min_temp=10.995, max_temp=19.765, the_temp=18.625, wind_speed=7.5488453, wind_direction=253.50267, wind_direction_compass=WSW, air_pressure=1013.605, humidity=56.0, visibility=13.280256, predictability=73)
2019-06-18 17:13:50,095 DEBUG org.isen.weather.view.impl.MySimpleView(1.) [Thread-6] updateWeatherInfo ConsolidatedWeatherData(id=5463504813293568, weather_state_name=Showers, weather_state_abbr=s, applicable_date=Fri Jun 21 00:00:00 CEST 2019, min_temp=10.37, max_temp=18.56, the_temp=18.82, wind_speed=5.224601, wind_direction=268.33328, wind_direction_compass=W, air_pressure=1019.105, humidity=53.0, visibility=15.15369, predictability=73)
2019-06-18 17:13:50,142 DEBUG org.isen.weather.view.impl.MySimpleView(1.) [Thread-6] updateWeatherInfo ConsolidatedWeatherData(id=6698214898008064, weather_state_name=Light Cloud, weather_state_abbr=lc, applicable_date=Sat Jun 22 00:00:00 CEST 2019, min_temp=11.765, max_temp=22.595, the_temp=21.345, wind_speed=4.4104257, wind_direction=158.24843, wind_direction_compass=SSE, air_pressure=1021.46, humidity=44.0, visibility=14.984987, predictability=70)
2019-06-18 17:13:50,251 DEBUG org.isen.weather.view.impl.MySimpleView(1.) [Thread-6] updateWeatherInfo ConsolidatedWeatherData(id=5498216000782336, weather_state_name=Heavy Rain, weather_state_abbr=hr, applicable_date=Sun Jun 23 00:00:00 CEST 2019, min_temp=14.39, max_temp=22.935, the_temp=21.72, wind_speed=6.1003675, wind_direction=97.5, wind_direction_compass=E, air_pressure=1018.8, humidity=53.0, visibility=9.592107, predictability=77)
2019-06-18 17:14:06,963 INFO org.isen.weather.model.impl.DefaultMyWeatherModel(1.) [AWT-EventQueue-0] get location for marseille
2019-06-18 17:14:07,135 INFO org.isen.weather.model.impl.DefaultMyWeatherModel$getLocationFor$2(1.) [Thread-6] StatusCode : 200
2019-06-18 17:14:07,136 INFO org.isen.weather.model.impl.DefaultMyWeatherModel$$special$$inlined$observable$1(1.) [Thread-6] Location property change, notify observer
2019-06-18 17:14:07,136 INFO org.isen.weather.view.impl.MySimpleView(1.) [Thread-6] receive location search data
2019-06-18 17:14:07,137 INFO org.isen.weather.model.impl.DefaultMyWeatherModel(1.) [Thread-6] get weather for 610264
2019-06-18 17:14:07,924 INFO org.isen.weather.model.impl.DefaultMyWeatherModel$getWeatherFor$2(1.) [Thread-6] StatusCode : 200
2019-06-18 17:14:07,924 INFO org.isen.weather.model.impl.DefaultMyWeatherModel$$special$$inlined$observable$2(1.) [Thread-6] WeatherData property change, notify observer
2019-06-18 17:14:07,924 INFO org.isen.weather.view.impl.MySimpleView(1.) [Thread-6] receive location data
2019-06-18 17:14:07,924 DEBUG org.isen.weather.view.impl.MySimpleView(1.) [Thread-6] updateWeatherInfo ConsolidatedWeatherData(id=6306356321583104, weather_state_name=Light Cloud, weather_state_abbr=lc, applicable_date=Tue Jun 18 00:00:00 CEST 2019, min_temp=19.855, max_temp=27.58, the_temp=27.89, wind_speed=5.4704504, wind_direction=179.33418, wind_direction_compass=S, air_pressure=1015.76, humidity=48.0, visibility=10.6444, predictability=70)
2019-06-18 17:14:08,002 DEBUG org.isen.weather.view.impl.MySimpleView(1.) [Thread-6] updateWeatherInfo ConsolidatedWeatherData(id=6089534481629184, weather_state_name=Light Cloud, weather_state_abbr=lc, applicable_date=Wed Jun 19 00:00:00 CEST 2019, min_temp=19.04, max_temp=25.07, the_temp=25.535, wind_speed=7.1305184, wind_direction=155.17233, wind_direction_compass=SSE, air_pressure=1014.42, humidity=48.0, visibility=14.878423, predictability=70)
2019-06-18 17:14:08,049 DEBUG org.isen.weather.view.impl.MySimpleView(1.) [Thread-6] updateWeatherInfo ConsolidatedWeatherData(id=4694840019255296, weather_state_name=Light Cloud, weather_state_abbr=lc, applicable_date=Thu Jun 20 00:00:00 CEST 2019, min_temp=18.755, max_temp=26.34, the_temp=27.17, wind_speed=3.7101371, wind_direction=205.54195, wind_direction_compass=SSW, air_pressure=1013.815, humidity=53.0, visibility=11.369539, predictability=70)
2019-06-18 17:14:08,096 DEBUG org.isen.weather.view.impl.MySimpleView(1.) [Thread-6] updateWeatherInfo ConsolidatedWeatherData(id=6462681051561984, weather_state_name=Heavy Cloud, weather_state_abbr=hc, applicable_date=Fri Jun 21 00:00:00 CEST 2019, min_temp=19.74, max_temp=25.455, the_temp=25.67, wind_speed=5.374775, wind_direction=206.04854, wind_direction_compass=SSW, air_pressure=1014.765, humidity=59.0, visibility=12.447308, predictability=71)
2019-06-18 17:14:08,190 DEBUG org.isen.weather.view.impl.MySimpleView(1.) [Thread-6] updateWeatherInfo ConsolidatedWeatherData(id=5079215634382848, weather_state_name=Light Cloud, weather_state_abbr=lc, applicable_date=Sat Jun 22 00:00:00 CEST 2019, min_temp=19.235, max_temp=27.795, the_temp=27.39, wind_speed=7.8757095, wind_direction=289.58545, wind_direction_compass=WNW, air_pressure=1015.05, humidity=51.0, visibility=13.492455, predictability=70)
2019-06-18 17:14:08,237 DEBUG org.isen.weather.view.impl.MySimpleView(1.) [Thread-6] updateWeatherInfo ConsolidatedWeatherData(id=5252828077490176, weather_state_name=Light Cloud, weather_state_abbr=lc, applicable_date=Sun Jun 23 00:00:00 CEST 2019, min_temp=20.04, max_temp=27.31, the_temp=27.98, wind_speed=5.278045, wind_direction=164.0, wind_direction_compass=SSE, air_pressure=1016.35, humidity=51.0, visibility=9.999726, predictability=70)
2019-06-18 17:14:16,840 INFO org.isen.weather.model.impl.DefaultMyWeatherModel(1.) [AWT-EventQueue-0] get location for angers
2019-06-18 17:14:17,036 INFO org.isen.weather.model.impl.DefaultMyWeatherModel$getLocationFor$2(1.) [Thread-6] StatusCode : 200
2019-06-18 17:14:17,040 INFO org.isen.weather.model.impl.DefaultMyWeatherModel$getLocationFor$2(1.) [Thread-6] StatusCode : -1
2019-06-18 17:14:32,767 INFO org.isen.weather.model.impl.DefaultMyWeatherModel(1.) [AWT-EventQueue-0] get location for new york
2019-06-18 17:14:32,955 INFO org.isen.weather.model.impl.DefaultMyWeatherModel$getLocationFor$2(1.) [Thread-6] StatusCode : 200
2019-06-18 17:14:32,955 INFO org.isen.weather.model.impl.DefaultMyWeatherModel$$special$$inlined$observable$1(1.) [Thread-6] Location property change, notify observer
2019-06-18 17:14:32,955 INFO org.isen.weather.view.impl.MySimpleView(1.) [Thread-6] receive location search data
2019-06-18 17:14:32,955 INFO org.isen.weather.model.impl.DefaultMyWeatherModel(1.) [Thread-6] get weather for 2459115
2019-06-18 17:14:33,455 INFO org.isen.weather.model.impl.DefaultMyWeatherModel$getWeatherFor$2(1.) [Thread-6] StatusCode : 200
2019-06-18 17:14:33,455 INFO org.isen.weather.model.impl.DefaultMyWeatherModel$$special$$inlined$observable$2(1.) [Thread-6] WeatherData property change, notify observer
2019-06-18 17:14:33,455 INFO org.isen.weather.view.impl.MySimpleView(1.) [Thread-6] receive location data
2019-06-18 17:14:33,455 DEBUG org.isen.weather.view.impl.MySimpleView(1.) [Thread-6] updateWeatherInfo ConsolidatedWeatherData(id=5922342209323008, weather_state_name=Heavy Rain, weather_state_abbr=hr, applicable_date=Tue Jun 18 00:00:00 CEST 2019, min_temp=19.955, max_temp=23.075, the_temp=22.295, wind_speed=3.474047, wind_direction=80.7158, wind_direction_compass=E, air_pressure=1013.2, humidity=89.0, visibility=6.3327045, predictability=77)
2019-06-18 17:14:33,564 DEBUG org.isen.weather.view.impl.MySimpleView(1.) [Thread-6] updateWeatherInfo ConsolidatedWeatherData(id=6034231757111296, weather_state_name=Heavy Rain, weather_state_abbr=hr, applicable_date=Wed Jun 19 00:00:00 CEST 2019, min_temp=19.385, max_temp=25.8, the_temp=23.985, wind_speed=4.1022, wind_direction=140.75804, wind_direction_compass=SE, air_pressure=1009.96, humidity=78.0, visibility=6.701799, predictability=77)
2019-06-18 17:14:33,627 DEBUG org.isen.weather.view.impl.MySimpleView(1.) [Thread-6] updateWeatherInfo ConsolidatedWeatherData(id=4652558494728192, weather_state_name=Light Rain, weather_state_abbr=lr, applicable_date=Thu Jun 20 00:00:00 CEST 2019, min_temp=20.7, max_temp=27.9, the_temp=25.305, wind_speed=3.7724216, wind_direction=161.29428, wind_direction_compass=SSE, air_pressure=1002.895, humidity=79.0, visibility=10.380317, predictability=75)
2019-06-18 17:14:33,674 DEBUG org.isen.weather.view.impl.MySimpleView(1.) [Thread-6] updateWeatherInfo ConsolidatedWeatherData(id=5362278473924608, weather_state_name=Showers, weather_state_abbr=s, applicable_date=Fri Jun 21 00:00:00 CEST 2019, min_temp=18.35, max_temp=26.21, the_temp=24.11, wind_speed=10.222997, wind_direction=335.7644, wind_direction_compass=NNW, air_pressure=1006.655, humidity=56.0, visibility=12.9378805, predictability=73)
2019-06-18 17:14:33,736 DEBUG org.isen.weather.view.impl.MySimpleView(1.) [Thread-6] updateWeatherInfo ConsolidatedWeatherData(id=5525776000614400, weather_state_name=Clear, weather_state_abbr=c, applicable_date=Sat Jun 22 00:00:00 CEST 2019, min_temp=17.2, max_temp=27.61, the_temp=24.745, wind_speed=8.31578, wind_direction=330.16623, wind_direction_compass=NNW, air_pressure=1014.88, humidity=42.0, visibility=14.2806635, predictability=68)
2019-06-18 17:14:33,845 DEBUG org.isen.weather.view.impl.MySimpleView(1.) [Thread-6] updateWeatherInfo ConsolidatedWeatherData(id=6181888358088704, weather_state_name=Light Cloud, weather_state_abbr=lc, applicable_date=Sun Jun 23 00:00:00 CEST 2019, min_temp=18.435, max_temp=29.93, the_temp=26.97, wind_speed=3.9524398, wind_direction=288.5, wind_direction_compass=WNW, air_pressure=1015.98, humidity=34.0, visibility=9.999726, predictability=70)
2019-06-18 17:15:19,894 INFO org.isen.weather.model.impl.DefaultMyWeatherModel(1.) [AWT-EventQueue-0] get location for toulon
2019-06-18 17:15:20,066 INFO org.isen.weather.model.impl.DefaultMyWeatherModel$getLocationFor$2(1.) [Thread-6] StatusCode : 200
2019-06-18 17:15:20,066 INFO org.isen.weather.model.impl.DefaultMyWeatherModel$getLocationFor$2(1.) [Thread-6] StatusCode : -1
2019-06-18 17:15:30,129 INFO org.isen.weather.model.impl.DefaultMyWeatherModel(1.) [AWT-EventQueue-0] get location for barcelone
2019-06-18 17:15:30,301 INFO org.isen.weather.model.impl.DefaultMyWeatherModel$getLocationFor$2(1.) [Thread-6] StatusCode : 200
2019-06-18 17:15:30,301 INFO org.isen.weather.model.impl.DefaultMyWeatherModel$getLocationFor$2(1.) [Thread-6] StatusCode : -1
2019-06-18 17:15:39,575 INFO org.isen.weather.model.impl.DefaultMyWeatherModel(1.) [AWT-EventQueue-0] get location for berlin
2019-06-18 17:15:39,825 INFO org.isen.weather.model.impl.DefaultMyWeatherModel$getLocationFor$2(1.) [Thread-6] StatusCode : 200
2019-06-18 17:15:39,826 INFO org.isen.weather.model.impl.DefaultMyWeatherModel$$special$$inlined$observable$1(1.) [Thread-6] Location property change, notify observer
2019-06-18 17:15:39,826 INFO org.isen.weather.view.impl.MySimpleView(1.) [Thread-6] receive location search data
2019-06-18 17:15:39,827 INFO org.isen.weather.model.impl.DefaultMyWeatherModel(1.) [Thread-6] get weather for 638242
2019-06-18 17:15:40,353 INFO org.isen.weather.model.impl.DefaultMyWeatherModel$getWeatherFor$2(1.) [Thread-6] StatusCode : 200
2019-06-18 17:15:40,353 INFO org.isen.weather.model.impl.DefaultMyWeatherModel$$special$$inlined$observable$2(1.) [Thread-6] WeatherData property change, notify observer
2019-06-18 17:15:40,353 INFO org.isen.weather.view.impl.MySimpleView(1.) [Thread-6] receive location data
2019-06-18 17:15:40,354 DEBUG org.isen.weather.view.impl.MySimpleView(1.) [Thread-6] updateWeatherInfo ConsolidatedWeatherData(id=5874533183520768, weather_state_name=Light Cloud, weather_state_abbr=lc, applicable_date=Tue Jun 18 00:00:00 CEST 2019, min_temp=17.625, max_temp=29.075, the_temp=28.76, wind_speed=6.910572, wind_direction=137.32272, wind_direction_compass=SE, air_pressure=1017.4, humidity=41.0, visibility=17.277536, predictability=70)
2019-06-18 17:15:40,439 DEBUG org.isen.weather.view.impl.MySimpleView(1.) [Thread-6] updateWeatherInfo ConsolidatedWeatherData(id=5990858077765632, weather_state_name=Light Rain, weather_state_abbr=lr, applicable_date=Wed Jun 19 00:00:00 CEST 2019, min_temp=17.87, max_temp=30.52, the_temp=29.76, wind_speed=5.3222036, wind_direction=168.2855, wind_direction_compass=SSE, air_pressure=1010.335, humidity=47.0, visibility=12.94254, predictability=75)
2019-06-18 17:15:40,486 DEBUG org.isen.weather.view.impl.MySimpleView(1.) [Thread-6] updateWeatherInfo ConsolidatedWeatherData(id=6059933378281472, weather_state_name=Light Rain, weather_state_abbr=lr, applicable_date=Thu Jun 20 00:00:00 CEST 2019, min_temp=17.24, max_temp=27.11, the_temp=25.515, wind_speed=5.378514, wind_direction=272.66568, wind_direction_compass=W, air_pressure=1010.865, humidity=56.0, visibility=14.786149, predictability=75)
2019-06-18 17:15:40,533 DEBUG org.isen.weather.view.impl.MySimpleView(1.) [Thread-6] updateWeatherInfo ConsolidatedWeatherData(id=6437483136942080, weather_state_name=Showers, weather_state_abbr=s, applicable_date=Fri Jun 21 00:00:00 CEST 2019, min_temp=14.815, max_temp=23.395, the_temp=23.13, wind_speed=4.726506, wind_direction=328.72025, wind_direction_compass=NNW, air_pressure=1016.53, humidity=59.0, visibility=12.181982, predictability=73)
2019-06-18 17:15:40,580 DEBUG org.isen.weather.view.impl.MySimpleView(1.) [Thread-6] updateWeatherInfo ConsolidatedWeatherData(id=5488818075467776, weather_state_name=Heavy Cloud, weather_state_abbr=hc, applicable_date=Sat Jun 22 00:00:00 CEST 2019, min_temp=13.145, max_temp=22.115, the_temp=22.59, wind_speed=5.569578, wind_direction=1.0, wind_direction_compass=N, air_pressure=1021.345, humidity=51.0, visibility=16.629446, predictability=71)
2019-06-18 17:15:40,627 DEBUG org.isen.weather.view.impl.MySimpleView(1.) [Thread-6] updateWeatherInfo ConsolidatedWeatherData(id=6240818060853248, weather_state_name=Showers, weather_state_abbr=s, applicable_date=Sun Jun 23 00:00:00 CEST 2019, min_temp=12.7, max_temp=22.14, the_temp=23.88, wind_speed=5.581087, wind_direction=31.5, wind_direction_compass=NNE, air_pressure=1022.56, humidity=57.0, visibility=9.999726, predictability=73)
2019-06-18 17:17:25,377 INFO org.isen.weather.model.impl.DefaultMyWeatherModel(1.) [AWT-EventQueue-0] get location for london
2019-06-18 17:17:26,502 INFO org.isen.weather.model.impl.DefaultMyWeatherModel$getLocationFor$2(1.) [Thread-6] StatusCode : 200
2019-06-18 17:17:26,502 INFO org.isen.weather.model.impl.DefaultMyWeatherModel$$special$$inlined$observable$1(1.) [Thread-6] Location property change, notify observer
2019-06-18 17:17:26,658 INFO org.isen.weather.view.impl.MySimpleView(1.) [Thread-6] receive location search data
2019-06-18 17:17:26,658 INFO org.isen.weather.model.impl.DefaultMyWeatherModel(1.) [Thread-6] get weather for 44418
2019-06-18 17:17:26,658 INFO org.isen.weather.view.impl.MySimpleView(1.) [Thread-6] receive location search data
2019-06-18 17:17:26,658 INFO org.isen.weather.model.impl.DefaultMyWeatherModel(1.) [Thread-6] get weather for 44418
2019-06-18 17:17:27,642 INFO org.isen.weather.model.impl.DefaultMyWeatherModel$getWeatherFor$2(1.) [Thread-7] StatusCode : 200
2019-06-18 17:17:27,642 INFO org.isen.weather.model.impl.DefaultMyWeatherModel$$special$$inlined$observable$2(1.) [Thread-7] WeatherData property change, notify observer
2019-06-18 17:17:27,642 INFO org.isen.weather.view.impl.MySimpleView(1.) [Thread-7] receive location data
2019-06-18 17:17:27,642 DEBUG org.isen.weather.view.impl.MySimpleView(1.) [Thread-7] updateWeatherInfo ConsolidatedWeatherData(id=5182714481213440, weather_state_name=Heavy Rain, weather_state_abbr=hr, applicable_date=Tue Jun 18 00:00:00 CEST 2019, min_temp=13.69, max_temp=20.045, the_temp=17.66, wind_speed=3.7478442, wind_direction=234.80095, wind_direction_compass=SW, air_pressure=1013.945, humidity=70.0, visibility=5.962678, predictability=77)
2019-06-18 17:17:27,736 INFO org.isen.weather.model.impl.DefaultMyWeatherModel$getWeatherFor$2(1.) [Thread-6] StatusCode : 200
2019-06-18 17:17:27,736 INFO org.isen.weather.model.impl.DefaultMyWeatherModel$$special$$inlined$observable$2(1.) [Thread-6] WeatherData property change, notify observer
2019-06-18 17:17:27,736 INFO org.isen.weather.view.impl.MySimpleView(1.) [Thread-6] receive location data
2019-06-18 17:17:27,736 DEBUG org.isen.weather.view.impl.MySimpleView(1.) [Thread-6] updateWeatherInfo ConsolidatedWeatherData(id=5182714481213440, weather_state_name=Heavy Rain, weather_state_abbr=hr, applicable_date=Tue Jun 18 00:00:00 CEST 2019, min_temp=13.69, max_temp=20.045, the_temp=17.66, wind_speed=3.7478442, wind_direction=234.80095, wind_direction_compass=SW, air_pressure=1013.945, humidity=70.0, visibility=5.962678, predictability=77)
2019-06-18 17:17:27,751 DEBUG org.isen.weather.view.impl.MySimpleView(1.) [Thread-7] updateWeatherInfo ConsolidatedWeatherData(id=4796442302480384, weather_state_name=Light Rain, weather_state_abbr=lr, applicable_date=Wed Jun 19 00:00:00 CEST 2019, min_temp=13.085, max_temp=18.51, the_temp=17.615, wind_speed=5.119931, wind_direction=280.28778, wind_direction_compass=W, air_pressure=1007.135, humidity=79.0, visibility=8.530495, predictability=75)
2019-06-18 17:17:27,814 DEBUG org.isen.weather.view.impl.MySimpleView(1.) [Thread-7] updateWeatherInfo ConsolidatedWeatherData(id=5919195889926144, weather_state_name=Showers, weather_state_abbr=s, applicable_date=Thu Jun 20 00:00:00 CEST 2019, min_temp=10.995, max_temp=19.765, the_temp=18.625, wind_speed=7.5488453, wind_direction=253.50267, wind_direction_compass=WSW, air_pressure=1013.605, humidity=56.0, visibility=13.280256, predictability=73)
2019-06-18 17:17:27,814 DEBUG org.isen.weather.view.impl.MySimpleView(1.) [Thread-6] updateWeatherInfo ConsolidatedWeatherData(id=4796442302480384, weather_state_name=Light Rain, weather_state_abbr=lr, applicable_date=Wed Jun 19 00:00:00 CEST 2019, min_temp=13.085, max_temp=18.51, the_temp=17.615, wind_speed=5.119931, wind_direction=280.28778, wind_direction_compass=W, air_pressure=1007.135, humidity=79.0, visibility=8.530495, predictability=75)
2019-06-18 17:17:27,861 DEBUG org.isen.weather.view.impl.MySimpleView(1.) [Thread-7] updateWeatherInfo ConsolidatedWeatherData(id=5463504813293568, weather_state_name=Showers, weather_state_abbr=s, applicable_date=Fri Jun 21 00:00:00 CEST 2019, min_temp=10.37, max_temp=18.56, the_temp=18.82, wind_speed=5.224601, wind_direction=268.33328, wind_direction_compass=W, air_pressure=1019.105, humidity=53.0, visibility=15.15369, predictability=73)
2019-06-18 17:17:27,861 DEBUG org.isen.weather.view.impl.MySimpleView(1.) [Thread-6] updateWeatherInfo ConsolidatedWeatherData(id=5919195889926144, weather_state_name=Showers, weather_state_abbr=s, applicable_date=Thu Jun 20 00:00:00 CEST 2019, min_temp=10.995, max_temp=19.765, the_temp=18.625, wind_speed=7.5488453, wind_direction=253.50267, wind_direction_compass=WSW, air_pressure=1013.605, humidity=56.0, visibility=13.280256, predictability=73)
2019-06-18 17:17:27,908 DEBUG org.isen.weather.view.impl.MySimpleView(1.) [Thread-7] updateWeatherInfo ConsolidatedWeatherData(id=6698214898008064, weather_state_name=Light Cloud, weather_state_abbr=lc, applicable_date=Sat Jun 22 00:00:00 CEST 2019, min_temp=11.765, max_temp=22.595, the_temp=21.345, wind_speed=4.4104257, wind_direction=158.24843, wind_direction_compass=SSE, air_pressure=1021.46, humidity=44.0, visibility=14.984987, predictability=70)
2019-06-18 17:17:27,923 DEBUG org.isen.weather.view.impl.MySimpleView(1.) [Thread-6] updateWeatherInfo ConsolidatedWeatherData(id=5463504813293568, weather_state_name=Showers, weather_state_abbr=s, applicable_date=Fri Jun 21 00:00:00 CEST 2019, min_temp=10.37, max_temp=18.56, the_temp=18.82, wind_speed=5.224601, wind_direction=268.33328, wind_direction_compass=W, air_pressure=1019.105, humidity=53.0, visibility=15.15369, predictability=73)
2019-06-18 17:17:27,955 DEBUG org.isen.weather.view.impl.MySimpleView(1.) [Thread-7] updateWeatherInfo ConsolidatedWeatherData(id=5498216000782336, weather_state_name=Heavy Rain, weather_state_abbr=hr, applicable_date=Sun Jun 23 00:00:00 CEST 2019, min_temp=14.39, max_temp=22.935, the_temp=21.72, wind_speed=6.1003675, wind_direction=97.5, wind_direction_compass=E, air_pressure=1018.8, humidity=53.0, visibility=9.592107, predictability=77)
2019-06-18 17:17:27,970 DEBUG org.isen.weather.view.impl.MySimpleView(1.) [Thread-6] updateWeatherInfo ConsolidatedWeatherData(id=6698214898008064, weather_state_name=Light Cloud, weather_state_abbr=lc, applicable_date=Sat Jun 22 00:00:00 CEST 2019, min_temp=11.765, max_temp=22.595, the_temp=21.345, wind_speed=4.4104257, wind_direction=158.24843, wind_direction_compass=SSE, air_pressure=1021.46, humidity=44.0, visibility=14.984987, predictability=70)
2019-06-18 17:17:28,017 INFO org.isen.weather.view.impl.MySimpleView(1.) [Thread-7] receive location data
2019-06-18 17:17:28,033 DEBUG org.isen.weather.view.impl.MySimpleView(1.) [Thread-7] updateWeatherInfo ConsolidatedWeatherData(id=5182714481213440, weather_state_name=Heavy Rain, weather_state_abbr=hr, applicable_date=Tue Jun 18 00:00:00 CEST 2019, min_temp=13.69, max_temp=20.045, the_temp=17.66, wind_speed=3.7478442, wind_direction=234.80095, wind_direction_compass=SW, air_pressure=1013.945, humidity=70.0, visibility=5.962678, predictability=77)
2019-06-18 17:17:28,033 DEBUG org.isen.weather.view.impl.MySimpleView(1.) [Thread-6] updateWeatherInfo ConsolidatedWeatherData(id=5498216000782336, weather_state_name=Heavy Rain, weather_state_abbr=hr, applicable_date=Sun Jun 23 00:00:00 CEST 2019, min_temp=14.39, max_temp=22.935, the_temp=21.72, wind_speed=6.1003675, wind_direction=97.5, wind_direction_compass=E, air_pressure=1018.8, humidity=53.0, visibility=9.592107, predictability=77)
2019-06-18 17:17:28,095 DEBUG org.isen.weather.view.impl.MySimpleView(1.) [Thread-7] updateWeatherInfo ConsolidatedWeatherData(id=4796442302480384, weather_state_name=Light Rain, weather_state_abbr=lr, applicable_date=Wed Jun 19 00:00:00 CEST 2019, min_temp=13.085, max_temp=18.51, the_temp=17.615, wind_speed=5.119931, wind_direction=280.28778, wind_direction_compass=W, air_pressure=1007.135, humidity=79.0, visibility=8.530495, predictability=75)
2019-06-18 17:17:28,095 INFO org.isen.weather.view.impl.MySimpleView(1.) [Thread-6] receive location data
2019-06-18 17:17:28,115 DEBUG org.isen.weather.view.impl.MySimpleView(1.) [Thread-6] updateWeatherInfo ConsolidatedWeatherData(id=5182714481213440, weather_state_name=Heavy Rain, weather_state_abbr=hr, applicable_date=Tue Jun 18 00:00:00 CEST 2019, min_temp=13.69, max_temp=20.045, the_temp=17.66, wind_speed=3.7478442, wind_direction=234.80095, wind_direction_compass=SW, air_pressure=1013.945, humidity=70.0, visibility=5.962678, predictability=77)
2019-06-18 17:17:28,148 DEBUG org.isen.weather.view.impl.MySimpleView(1.) [Thread-7] updateWeatherInfo ConsolidatedWeatherData(id=5919195889926144, weather_state_name=Showers, weather_state_abbr=s, applicable_date=Thu Jun 20 00:00:00 CEST 2019, min_temp=10.995, max_temp=19.765, the_temp=18.625, wind_speed=7.5488453, wind_direction=253.50267, wind_direction_compass=WSW, air_pressure=1013.605, humidity=56.0, visibility=13.280256, predictability=73)
2019-06-18 17:17:28,170 DEBUG org.isen.weather.view.impl.MySimpleView(1.) [Thread-6] updateWeatherInfo ConsolidatedWeatherData(id=4796442302480384, weather_state_name=Light Rain, weather_state_abbr=lr, applicable_date=Wed Jun 19 00:00:00 CEST 2019, min_temp=13.085, max_temp=18.51, the_temp=17.615, wind_speed=5.119931, wind_direction=280.28778, wind_direction_compass=W, air_pressure=1007.135, humidity=79.0, visibility=8.530495, predictability=75)
2019-06-18 17:17:28,198 DEBUG org.isen.weather.view.impl.MySimpleView(1.) [Thread-7] updateWeatherInfo ConsolidatedWeatherData(id=5463504813293568, weather_state_name=Showers, weather_state_abbr=s, applicable_date=Fri Jun 21 00:00:00 CEST 2019, min_temp=10.37, max_temp=18.56, the_temp=18.82, wind_speed=5.224601, wind_direction=268.33328, wind_direction_compass=W, air_pressure=1019.105, humidity=53.0, visibility=15.15369, predictability=73)
2019-06-18 17:17:28,216 DEBUG org.isen.weather.view.impl.MySimpleView(1.) [Thread-6] updateWeatherInfo ConsolidatedWeatherData(id=5919195889926144, weather_state_name=Showers, weather_state_abbr=s, applicable_date=Thu Jun 20 00:00:00 CEST 2019, min_temp=10.995, max_temp=19.765, the_temp=18.625, wind_speed=7.5488453, wind_direction=253.50267, wind_direction_compass=WSW, air_pressure=1013.605, humidity=56.0, visibility=13.280256, predictability=73)
2019-06-18 17:17:28,246 DEBUG org.isen.weather.view.impl.MySimpleView(1.) [Thread-7] updateWeatherInfo ConsolidatedWeatherData(id=6698214898008064, weather_state_name=Light Cloud, weather_state_abbr=lc, applicable_date=Sat Jun 22 00:00:00 CEST 2019, min_temp=11.765, max_temp=22.595, the_temp=21.345, wind_speed=4.4104257, wind_direction=158.24843, wind_direction_compass=SSE, air_pressure=1021.46, humidity=44.0, visibility=14.984987, predictability=70)
2019-06-18 17:17:28,269 DEBUG org.isen.weather.view.impl.MySimpleView(1.) [Thread-6] updateWeatherInfo ConsolidatedWeatherData(id=5463504813293568, weather_state_name=Showers, weather_state_abbr=s, applicable_date=Fri Jun 21 00:00:00 CEST 2019, min_temp=10.37, max_temp=18.56, the_temp=18.82, wind_speed=5.224601, wind_direction=268.33328, wind_direction_compass=W, air_pressure=1019.105, humidity=53.0, visibility=15.15369, predictability=73)
2019-06-18 17:17:28,295 DEBUG org.isen.weather.view.impl.MySimpleView(1.) [Thread-7] updateWeatherInfo ConsolidatedWeatherData(id=5498216000782336, weather_state_name=Heavy Rain, weather_state_abbr=hr, applicable_date=Sun Jun 23 00:00:00 CEST 2019, min_temp=14.39, max_temp=22.935, the_temp=21.72, wind_speed=6.1003675, wind_direction=97.5, wind_direction_compass=E, air_pressure=1018.8, humidity=53.0, visibility=9.592107, predictability=77)
2019-06-18 17:17:28,319 DEBUG org.isen.weather.view.impl.MySimpleView(1.) [Thread-6] updateWeatherInfo ConsolidatedWeatherData(id=6698214898008064, weather_state_name=Light Cloud, weather_state_abbr=lc, applicable_date=Sat Jun 22 00:00:00 CEST 2019, min_temp=11.765, max_temp=22.595, the_temp=21.345, wind_speed=4.4104257, wind_direction=158.24843, wind_direction_compass=SSE, air_pressure=1021.46, humidity=44.0, visibility=14.984987, predictability=70)
2019-06-18 17:17:28,375 DEBUG org.isen.weather.view.impl.MySimpleView(1.) [Thread-6] updateWeatherInfo ConsolidatedWeatherData(id=5498216000782336, weather_state_name=Heavy Rain, weather_state_abbr=hr, applicable_date=Sun Jun 23 00:00:00 CEST 2019, min_temp=14.39, max_temp=22.935, the_temp=21.72, wind_speed=6.1003675, wind_direction=97.5, wind_direction_compass=E, air_pressure=1018.8, humidity=53.0, visibility=9.592107, predictability=77)
2019-06-18 17:51:57,220 INFO org.isen.weather.model.impl.DefaultMyWeatherModel(1.) [AWT-EventQueue-0] get location for paris
2019-06-18 17:51:58,429 INFO org.isen.weather.model.impl.DefaultMyWeatherModel$getLocationFor$2(1.) [Thread-6] StatusCode : 200
2019-06-18 17:51:58,431 INFO org.isen.weather.model.impl.DefaultMyWeatherModel$$special$$inlined$observable$1(1.) [Thread-6] Location property change, notify observer
2019-06-18 17:51:58,589 INFO org.isen.weather.view.impl.MySimpleView(1.) [Thread-6] receive location search data
2019-06-18 17:51:58,591 INFO org.isen.weather.model.impl.DefaultMyWeatherModel(1.) [Thread-6] get weather for 615702
2019-06-18 17:51:58,592 INFO org.isen.weather.view.impl.MySimpleView(1.) [Thread-6] receive location search data
2019-06-18 17:51:58,593 INFO org.isen.weather.model.impl.DefaultMyWeatherModel(1.) [Thread-6] get weather for 615702
2019-06-18 17:51:59,878 INFO org.isen.weather.model.impl.DefaultMyWeatherModel$getWeatherFor$2(1.) [Thread-6] StatusCode : 200
2019-06-18 17:51:59,878 INFO org.isen.weather.model.impl.DefaultMyWeatherModel$$special$$inlined$observable$2(1.) [Thread-6] WeatherData property change, notify observer
2019-06-18 17:51:59,878 INFO org.isen.weather.model.impl.DefaultMyWeatherModel$getWeatherFor$2(1.) [Thread-7] StatusCode : 200
2019-06-18 17:51:59,878 INFO org.isen.weather.view.impl.MySimpleView(1.) [Thread-6] receive location data
2019-06-18 17:51:59,878 INFO org.isen.weather.model.impl.DefaultMyWeatherModel$$special$$inlined$observable$2(1.) [Thread-7] WeatherData property change, notify observer
2019-06-18 17:51:59,878 INFO org.isen.weather.view.impl.MySimpleView(1.) [Thread-7] receive location data
2019-06-18 17:51:59,878 DEBUG org.isen.weather.view.impl.MySimpleView(1.) [Thread-6] updateWeatherInfo ConsolidatedWeatherData(id=6122136773066752, weather_state_name=Showers, weather_state_abbr=s, applicable_date=Tue Jun 18 00:00:00 CEST 2019, min_temp=18.575, max_temp=27.365, the_temp=27.74, wind_speed=3.6683798, wind_direction=125.00563, wind_direction_compass=SE, air_pressure=1012.715, humidity=48.0, visibility=12.057087, predictability=73)
2019-06-18 17:51:59,878 DEBUG org.isen.weather.view.impl.MySimpleView(1.) [Thread-7] updateWeatherInfo ConsolidatedWeatherData(id=6122136773066752, weather_state_name=Showers, weather_state_abbr=s, applicable_date=Tue Jun 18 00:00:00 CEST 2019, min_temp=18.575, max_temp=27.365, the_temp=27.74, wind_speed=3.6683798, wind_direction=125.00563, wind_direction_compass=SE, air_pressure=1012.715, humidity=48.0, visibility=12.057087, predictability=73)
2019-06-18 17:52:00,034 DEBUG org.isen.weather.view.impl.MySimpleView(1.) [Thread-7] updateWeatherInfo ConsolidatedWeatherData(id=4622336944766976, weather_state_name=Heavy Rain, weather_state_abbr=hr, applicable_date=Wed Jun 19 00:00:00 CEST 2019, min_temp=16.885, max_temp=24.305, the_temp=23.465, wind_speed=6.887302, wind_direction=244.19748, wind_direction_compass=WSW, air_pressure=1009.585, humidity=60.0, visibility=13.173691, predictability=77)
2019-06-18 17:52:00,034 DEBUG org.isen.weather.view.impl.MySimpleView(1.) [Thread-6] updateWeatherInfo ConsolidatedWeatherData(id=4622336944766976, weather_state_name=Heavy Rain, weather_state_abbr=hr, applicable_date=Wed Jun 19 00:00:00 CEST 2019, min_temp=16.885, max_temp=24.305, the_temp=23.465, wind_speed=6.887302, wind_direction=244.19748, wind_direction_compass=WSW, air_pressure=1009.585, humidity=60.0, visibility=13.173691, predictability=77)
2019-06-18 17:52:00,159 DEBUG org.isen.weather.view.impl.MySimpleView(1.) [Thread-6] updateWeatherInfo ConsolidatedWeatherData(id=4713448904589312, weather_state_name=Light Rain, weather_state_abbr=lr, applicable_date=Thu Jun 20 00:00:00 CEST 2019, min_temp=13.595, max_temp=20.82, the_temp=20.3, wind_speed=4.5232615, wind_direction=284.1672, wind_direction_compass=WNW, air_pressure=1016.04, humidity=63.0, visibility=13.67203, predictability=75)
2019-06-18 17:52:00,206 DEBUG org.isen.weather.view.impl.MySimpleView(1.) [Thread-7] updateWeatherInfo ConsolidatedWeatherData(id=4713448904589312, weather_state_name=Light Rain, weather_state_abbr=lr, applicable_date=Thu Jun 20 00:00:00 CEST 2019, min_temp=13.595, max_temp=20.82, the_temp=20.3, wind_speed=4.5232615, wind_direction=284.1672, wind_direction_compass=WNW, air_pressure=1016.04, humidity=63.0, visibility=13.67203, predictability=75)
2019-06-18 17:52:00,268 DEBUG org.isen.weather.view.impl.MySimpleView(1.) [Thread-6] updateWeatherInfo ConsolidatedWeatherData(id=6248460888047616, weather_state_name=Light Cloud, weather_state_abbr=lc, applicable_date=Fri Jun 21 00:00:00 CEST 2019, min_temp=11.985, max_temp=21.36, the_temp=21.345, wind_speed=3.869816, wind_direction=328.87408, wind_direction_compass=NNW, air_pressure=1020.475, humidity=48.0, visibility=14.533251, predictability=70)
2019-06-18 17:52:00,284 DEBUG org.isen.weather.view.impl.MySimpleView(1.) [Thread-7] updateWeatherInfo ConsolidatedWeatherData(id=6248460888047616, weather_state_name=Light Cloud, weather_state_abbr=lc, applicable_date=Fri Jun 21 00:00:00 CEST 2019, min_temp=11.985, max_temp=21.36, the_temp=21.345, wind_speed=3.869816, wind_direction=328.87408, wind_direction_compass=NNW, air_pressure=1020.475, humidity=48.0, visibility=14.533251, predictability=70)
2019-06-18 17:52:00,393 DEBUG org.isen.weather.view.impl.MySimpleView(1.) [Thread-6] updateWeatherInfo ConsolidatedWeatherData(id=6563456071237632, weather_state_name=Heavy Cloud, weather_state_abbr=hc, applicable_date=Sat Jun 22 00:00:00 CEST 2019, min_temp=12.62, max_temp=23.415, the_temp=23.16, wind_speed=4.4717746, wind_direction=37.34413, wind_direction_compass=NE, air_pressure=1020.55, humidity=46.0, visibility=15.106465, predictability=71)
2019-06-18 17:52:00,416 DEBUG org.isen.weather.view.impl.MySimpleView(1.) [Thread-7] updateWeatherInfo ConsolidatedWeatherData(id=6563456071237632, weather_state_name=Heavy Cloud, weather_state_abbr=hc, applicable_date=Sat Jun 22 00:00:00 CEST 2019, min_temp=12.62, max_temp=23.415, the_temp=23.16, wind_speed=4.4717746, wind_direction=37.34413, wind_direction_compass=NE, air_pressure=1020.55, humidity=46.0, visibility=15.106465, predictability=71)
2019-06-18 17:52:00,490 DEBUG org.isen.weather.view.impl.MySimpleView(1.) [Thread-6] updateWeatherInfo ConsolidatedWeatherData(id=6083413347926016, weather_state_name=Heavy Cloud, weather_state_abbr=hc, applicable_date=Sun Jun 23 00:00:00 CEST 2019, min_temp=15.42, max_temp=26.545, the_temp=25.38, wind_speed=5.158428, wind_direction=90.0, wind_direction_compass=E, air_pressure=1016.68, humidity=53.0, visibility=9.999726, predictability=71)
2019-06-18 17:52:00,498 DEBUG org.isen.weather.view.impl.MySimpleView(1.) [Thread-7] updateWeatherInfo ConsolidatedWeatherData(id=6083413347926016, weather_state_name=Heavy Cloud, weather_state_abbr=hc, applicable_date=Sun Jun 23 00:00:00 CEST 2019, min_temp=15.42, max_temp=26.545, the_temp=25.38, wind_speed=5.158428, wind_direction=90.0, wind_direction_compass=E, air_pressure=1016.68, humidity=53.0, visibility=9.999726, predictability=71)
2019-06-18 17:52:00,553 INFO org.isen.weather.view.impl.MySimpleView(1.) [Thread-6] receive location data
2019-06-18 17:52:00,572 DEBUG org.isen.weather.view.impl.MySimpleView(1.) [Thread-6] updateWeatherInfo ConsolidatedWeatherData(id=6122136773066752, weather_state_name=Showers, weather_state_abbr=s, applicable_date=Tue Jun 18 00:00:00 CEST 2019, min_temp=18.575, max_temp=27.365, the_temp=27.74, wind_speed=3.6683798, wind_direction=125.00563, wind_direction_compass=SE, air_pressure=1012.715, humidity=48.0, visibility=12.057087, predictability=73)
2019-06-18 17:52:00,583 INFO org.isen.weather.view.impl.MySimpleView(1.) [Thread-7] receive location data
2019-06-18 17:52:00,589 DEBUG org.isen.weather.view.impl.MySimpleView(1.) [Thread-7] updateWeatherInfo ConsolidatedWeatherData(id=6122136773066752, weather_state_name=Showers, weather_state_abbr=s, applicable_date=Tue Jun 18 00:00:00 CEST 2019, min_temp=18.575, max_temp=27.365, the_temp=27.74, wind_speed=3.6683798, wind_direction=125.00563, wind_direction_compass=SE, air_pressure=1012.715, humidity=48.0, visibility=12.057087, predictability=73)
2019-06-18 17:52:00,628 DEBUG org.isen.weather.view.impl.MySimpleView(1.) [Thread-6] updateWeatherInfo ConsolidatedWeatherData(id=4622336944766976, weather_state_name=Heavy Rain, weather_state_abbr=hr, applicable_date=Wed Jun 19 00:00:00 CEST 2019, min_temp=16.885, max_temp=24.305, the_temp=23.465, wind_speed=6.887302, wind_direction=244.19748, wind_direction_compass=WSW, air_pressure=1009.585, humidity=60.0, visibility=13.173691, predictability=77)
2019-06-18 17:52:00,656 DEBUG org.isen.weather.view.impl.MySimpleView(1.) [Thread-7] updateWeatherInfo ConsolidatedWeatherData(id=4622336944766976, weather_state_name=Heavy Rain, weather_state_abbr=hr, applicable_date=Wed Jun 19 00:00:00 CEST 2019, min_temp=16.885, max_temp=24.305, the_temp=23.465, wind_speed=6.887302, wind_direction=244.19748, wind_direction_compass=WSW, air_pressure=1009.585, humidity=60.0, visibility=13.173691, predictability=77)
2019-06-18 17:52:00,679 DEBUG org.isen.weather.view.impl.MySimpleView(1.) [Thread-6] updateWeatherInfo ConsolidatedWeatherData(id=4713448904589312, weather_state_name=Light Rain, weather_state_abbr=lr, applicable_date=Thu Jun 20 00:00:00 CEST 2019, min_temp=13.595, max_temp=20.82, the_temp=20.3, wind_speed=4.5232615, wind_direction=284.1672, wind_direction_compass=WNW, air_pressure=1016.04, humidity=63.0, visibility=13.67203, predictability=75)
2019-06-18 17:52:00,720 DEBUG org.isen.weather.view.impl.MySimpleView(1.) [Thread-7] updateWeatherInfo ConsolidatedWeatherData(id=4713448904589312, weather_state_name=Light Rain, weather_state_abbr=lr, applicable_date=Thu Jun 20 00:00:00 CEST 2019, min_temp=13.595, max_temp=20.82, the_temp=20.3, wind_speed=4.5232615, wind_direction=284.1672, wind_direction_compass=WNW, air_pressure=1016.04, humidity=63.0, visibility=13.67203, predictability=75)
2019-06-18 17:52:00,740 DEBUG org.isen.weather.view.impl.MySimpleView(1.) [Thread-6] updateWeatherInfo ConsolidatedWeatherData(id=6248460888047616, weather_state_name=Light Cloud, weather_state_abbr=lc, applicable_date=Fri Jun 21 00:00:00 CEST 2019, min_temp=11.985, max_temp=21.36, the_temp=21.345, wind_speed=3.869816, wind_direction=328.87408, wind_direction_compass=NNW, air_pressure=1020.475, humidity=48.0, visibility=14.533251, predictability=70)
2019-06-18 17:52:00,765 DEBUG org.isen.weather.view.impl.MySimpleView(1.) [Thread-7] updateWeatherInfo ConsolidatedWeatherData(id=6248460888047616, weather_state_name=Light Cloud, weather_state_abbr=lc, applicable_date=Fri Jun 21 00:00:00 CEST 2019, min_temp=11.985, max_temp=21.36, the_temp=21.345, wind_speed=3.869816, wind_direction=328.87408, wind_direction_compass=NNW, air_pressure=1020.475, humidity=48.0, visibility=14.533251, predictability=70)
2019-06-18 17:52:00,801 DEBUG org.isen.weather.view.impl.MySimpleView(1.) [Thread-6] updateWeatherInfo ConsolidatedWeatherData(id=6563456071237632, weather_state_name=Heavy Cloud, weather_state_abbr=hc, applicable_date=Sat Jun 22 00:00:00 CEST 2019, min_temp=12.62, max_temp=23.415, the_temp=23.16, wind_speed=4.4717746, wind_direction=37.34413, wind_direction_compass=NE, air_pressure=1020.55, humidity=46.0, visibility=15.106465, predictability=71)
2019-06-18 17:52:00,829 DEBUG org.isen.weather.view.impl.MySimpleView(1.) [Thread-7] updateWeatherInfo ConsolidatedWeatherData(id=6563456071237632, weather_state_name=Heavy Cloud, weather_state_abbr=hc, applicable_date=Sat Jun 22 00:00:00 CEST 2019, min_temp=12.62, max_temp=23.415, the_temp=23.16, wind_speed=4.4717746, wind_direction=37.34413, wind_direction_compass=NE, air_pressure=1020.55, humidity=46.0, visibility=15.106465, predictability=71)
2019-06-18 17:52:00,858 DEBUG org.isen.weather.view.impl.MySimpleView(1.) [Thread-6] updateWeatherInfo ConsolidatedWeatherData(id=6083413347926016, weather_state_name=Heavy Cloud, weather_state_abbr=hc, applicable_date=Sun Jun 23 00:00:00 CEST 2019, min_temp=15.42, max_temp=26.545, the_temp=25.38, wind_speed=5.158428, wind_direction=90.0, wind_direction_compass=E, air_pressure=1016.68, humidity=53.0, visibility=9.999726, predictability=71)
2019-06-18 17:52:00,894 DEBUG org.isen.weather.view.impl.MySimpleView(1.) [Thread-7] updateWeatherInfo ConsolidatedWeatherData(id=6083413347926016, weather_state_name=Heavy Cloud, weather_state_abbr=hc, applicable_date=Sun Jun 23 00:00:00 CEST 2019, min_temp=15.42, max_temp=26.545, the_temp=25.38, wind_speed=5.158428, wind_direction=90.0, wind_direction_compass=E, air_pressure=1016.68, humidity=53.0, visibility=9.999726, predictability=71)
2019-06-19 15:54:51,474 INFO org.isen.weather.model.impl.DefaultMyWeatherModel(1.) [AWT-EventQueue-0] get location for new york
2019-06-19 15:54:52,833 INFO org.isen.weather.model.impl.DefaultMyWeatherModel$getLocationFor$2(1.) [Thread-6] StatusCode : 200
2019-06-19 15:54:52,833 INFO org.isen.weather.model.impl.DefaultMyWeatherModel$$special$$inlined$observable$1(1.) [Thread-6] Location property change, notify observer
2019-06-19 15:54:52,943 INFO org.isen.weather.view.impl.MySimpleView(1.) [Thread-6] receive location search data
2019-06-19 15:54:52,943 INFO org.isen.weather.model.impl.DefaultMyWeatherModel(1.) [Thread-6] get weather for 2459115
2019-06-19 15:54:52,958 INFO org.isen.weather.view.impl.MySimpleView(1.) [Thread-6] receive location search data
2019-06-19 15:54:52,958 INFO org.isen.weather.model.impl.DefaultMyWeatherModel(1.) [Thread-6] get weather for 2459115
2019-06-19 15:54:53,818 INFO org.isen.weather.model.impl.DefaultMyWeatherModel$getWeatherFor$2(1.) [Thread-6] StatusCode : 200
2019-06-19 15:54:53,818 INFO org.isen.weather.model.impl.DefaultMyWeatherModel$$special$$inlined$observable$2(1.) [Thread-6] WeatherData property change, notify observer
2019-06-19 15:54:53,818 INFO org.isen.weather.view.impl.MySimpleView(1.) [Thread-6] receive location data
2019-06-19 15:54:53,818 DEBUG org.isen.weather.view.impl.MySimpleView(1.) [Thread-6] updateWeatherInfo ConsolidatedWeatherData(id=5856925294002176, weather_state_name=Light Rain, weather_state_abbr=lr, applicable_date=Wed Jun 19 00:00:00 CEST 2019, min_temp=19.22, max_temp=25.955, the_temp=23.035, wind_speed=4.241019, wind_direction=125.106255, wind_direction_compass=SE, air_pressure=1010.17, humidity=79.0, visibility=7.63572, predictability=75)
2019-06-19 15:54:54,037 DEBUG org.isen.weather.view.impl.MySimpleView(1.) [Thread-6] updateWeatherInfo ConsolidatedWeatherData(id=4776319843827712, weather_state_name=Heavy Rain, weather_state_abbr=hr, applicable_date=Thu Jun 20 00:00:00 CEST 2019, min_temp=21.015, max_temp=28.28, the_temp=26.63, wind_speed=4.3378563, wind_direction=145.50148, wind_direction_compass=SE, air_pressure=1001.705, humidity=77.0, visibility=8.405288, predictability=77)
2019-06-19 15:54:54,177 DEBUG org.isen.weather.view.impl.MySimpleView(1.) [Thread-6] updateWeatherInfo ConsolidatedWeatherData(id=6724927648432128, weather_state_name=Heavy Cloud, weather_state_abbr=hc, applicable_date=Fri Jun 21 00:00:00 CEST 2019, min_temp=19.445, max_temp=26.76, the_temp=25.16, wind_speed=10.265301, wind_direction=330.37894, wind_direction_compass=NNW, air_pressure=1005.84, humidity=50.0, visibility=12.837839, predictability=71)
2019-06-19 15:54:54,255 INFO org.isen.weather.model.impl.DefaultMyWeatherModel$getWeatherFor$2(1.) [Thread-7] StatusCode : 200
2019-06-19 15:54:54,255 INFO org.isen.weather.model.impl.DefaultMyWeatherModel$$special$$inlined$observable$2(1.) [Thread-7] WeatherData property change, notify observer
2019-06-19 15:54:54,255 INFO org.isen.weather.view.impl.MySimpleView(1.) [Thread-7] receive location data
2019-06-19 15:54:54,255 DEBUG org.isen.weather.view.impl.MySimpleView(1.) [Thread-7] updateWeatherInfo ConsolidatedWeatherData(id=5856925294002176, weather_state_name=Light Rain, weather_state_abbr=lr, applicable_date=Wed Jun 19 00:00:00 CEST 2019, min_temp=19.22, max_temp=25.955, the_temp=23.035, wind_speed=4.241019, wind_direction=125.106255, wind_direction_compass=SE, air_pressure=1010.17, humidity=79.0, visibility=7.63572, predictability=75)
2019-06-19 15:54:54,286 DEBUG org.isen.weather.view.impl.MySimpleView(1.) [Thread-6] updateWeatherInfo ConsolidatedWeatherData(id=5293975340580864, weather_state_name=Clear, weather_state_abbr=c, applicable_date=Sat Jun 22 00:00:00 CEST 2019, min_temp=17.13, max_temp=27.52, the_temp=24.425, wind_speed=8.666765, wind_direction=318.33228, wind_direction_compass=NW, air_pressure=1013.32, humidity=41.0, visibility=14.188079, predictability=68)
2019-06-19 15:54:54,380 DEBUG org.isen.weather.view.impl.MySimpleView(1.) [Thread-7] updateWeatherInfo ConsolidatedWeatherData(id=4776319843827712, weather_state_name=Heavy Rain, weather_state_abbr=hr, applicable_date=Thu Jun 20 00:00:00 CEST 2019, min_temp=21.015, max_temp=28.28, the_temp=26.63, wind_speed=4.3378563, wind_direction=145.50148, wind_direction_compass=SE, air_pressure=1001.705, humidity=77.0, visibility=8.405288, predictability=77)
2019-06-19 15:54:54,411 DEBUG org.isen.weather.view.impl.MySimpleView(1.) [Thread-6] updateWeatherInfo ConsolidatedWeatherData(id=5721737306046464, weather_state_name=Light Cloud, weather_state_abbr=lc, applicable_date=Sun Jun 23 00:00:00 CEST 2019, min_temp=18.375, max_temp=30.175, the_temp=27.04, wind_speed=5.6412354, wind_direction=298.09848, wind_direction_compass=WNW, air_pressure=1014.895, humidity=39.0, visibility=13.972153, predictability=70)
2019-06-19 15:54:54,458 DEBUG org.isen.weather.view.impl.MySimpleView(1.) [Thread-7] updateWeatherInfo ConsolidatedWeatherData(id=6724927648432128, weather_state_name=Heavy Cloud, weather_state_abbr=hc, applicable_date=Fri Jun 21 00:00:00 CEST 2019, min_temp=19.445, max_temp=26.76, the_temp=25.16, wind_speed=10.265301, wind_direction=330.37894, wind_direction_compass=NNW, air_pressure=1005.84, humidity=50.0, visibility=12.837839, predictability=71)
2019-06-19 15:54:54,521 DEBUG org.isen.weather.view.impl.MySimpleView(1.) [Thread-7] updateWeatherInfo ConsolidatedWeatherData(id=5293975340580864, weather_state_name=Clear, weather_state_abbr=c, applicable_date=Sat Jun 22 00:00:00 CEST 2019, min_temp=17.13, max_temp=27.52, the_temp=24.425, wind_speed=8.666765, wind_direction=318.33228, wind_direction_compass=NW, air_pressure=1013.32, humidity=41.0, visibility=14.188079, predictability=68)
2019-06-19 15:54:54,521 DEBUG org.isen.weather.view.impl.MySimpleView(1.) [Thread-6] updateWeatherInfo ConsolidatedWeatherData(id=6255356189605888, weather_state_name=Heavy Rain, weather_state_abbr=hr, applicable_date=Mon Jun 24 00:00:00 CEST 2019, min_temp=21.59, max_temp=32.745, the_temp=30.75, wind_speed=4.5710406, wind_direction=215.5, wind_direction_compass=SW, air_pressure=1008.99, humidity=57.0, visibility=9.388297, predictability=77)
2019-06-19 15:54:54,599 DEBUG org.isen.weather.view.impl.MySimpleView(1.) [Thread-7] updateWeatherInfo ConsolidatedWeatherData(id=5721737306046464, weather_state_name=Light Cloud, weather_state_abbr=lc, applicable_date=Sun Jun 23 00:00:00 CEST 2019, min_temp=18.375, max_temp=30.175, the_temp=27.04, wind_speed=5.6412354, wind_direction=298.09848, wind_direction_compass=WNW, air_pressure=1014.895, humidity=39.0, visibility=13.972153, predictability=70)
2019-06-19 15:54:54,630 INFO org.isen.weather.view.impl.MySimpleView(1.) [Thread-6] receive location data
2019-06-19 15:54:54,646 DEBUG org.isen.weather.view.impl.MySimpleView(1.) [Thread-6] updateWeatherInfo ConsolidatedWeatherData(id=5856925294002176, weather_state_name=Light Rain, weather_state_abbr=lr, applicable_date=Wed Jun 19 00:00:00 CEST 2019, min_temp=19.22, max_temp=25.955, the_temp=23.035, wind_speed=4.241019, wind_direction=125.106255, wind_direction_compass=SE, air_pressure=1010.17, humidity=79.0, visibility=7.63572, predictability=75)
2019-06-19 15:54:54,661 DEBUG org.isen.weather.view.impl.MySimpleView(1.) [Thread-7] updateWeatherInfo ConsolidatedWeatherData(id=6255356189605888, weather_state_name=Heavy Rain, weather_state_abbr=hr, applicable_date=Mon Jun 24 00:00:00 CEST 2019, min_temp=21.59, max_temp=32.745, the_temp=30.75, wind_speed=4.5710406, wind_direction=215.5, wind_direction_compass=SW, air_pressure=1008.99, humidity=57.0, visibility=9.388297, predictability=77)
2019-06-19 15:54:54,724 DEBUG org.isen.weather.view.impl.MySimpleView(1.) [Thread-6] updateWeatherInfo ConsolidatedWeatherData(id=4776319843827712, weather_state_name=Heavy Rain, weather_state_abbr=hr, applicable_date=Thu Jun 20 00:00:00 CEST 2019, min_temp=21.015, max_temp=28.28, the_temp=26.63, wind_speed=4.3378563, wind_direction=145.50148, wind_direction_compass=SE, air_pressure=1001.705, humidity=77.0, visibility=8.405288, predictability=77)
2019-06-19 15:54:54,724 INFO org.isen.weather.view.impl.MySimpleView(1.) [Thread-7] receive location data
2019-06-19 15:54:54,739 DEBUG org.isen.weather.view.impl.MySimpleView(1.) [Thread-7] updateWeatherInfo ConsolidatedWeatherData(id=5856925294002176, weather_state_name=Light Rain, weather_state_abbr=lr, applicable_date=Wed Jun 19 00:00:00 CEST 2019, min_temp=19.22, max_temp=25.955, the_temp=23.035, wind_speed=4.241019, wind_direction=125.106255, wind_direction_compass=SE, air_pressure=1010.17, humidity=79.0, visibility=7.63572, predictability=75)
2019-06-19 15:54:54,787 DEBUG org.isen.weather.view.impl.MySimpleView(1.) [Thread-6] updateWeatherInfo ConsolidatedWeatherData(id=6724927648432128, weather_state_name=Heavy Cloud, weather_state_abbr=hc, applicable_date=Fri Jun 21 00:00:00 CEST 2019, min_temp=19.445, max_temp=26.76, the_temp=25.16, wind_speed=10.265301, wind_direction=330.37894, wind_direction_compass=NNW, air_pressure=1005.84, humidity=50.0, visibility=12.837839, predictability=71)
2019-06-19 15:54:54,818 DEBUG org.isen.weather.view.impl.MySimpleView(1.) [Thread-7] updateWeatherInfo ConsolidatedWeatherData(id=4776319843827712, weather_state_name=Heavy Rain, weather_state_abbr=hr, applicable_date=Thu Jun 20 00:00:00 CEST 2019, min_temp=21.015, max_temp=28.28, the_temp=26.63, wind_speed=4.3378563, wind_direction=145.50148, wind_direction_compass=SE, air_pressure=1001.705, humidity=77.0, visibility=8.405288, predictability=77)
2019-06-19 15:54:54,849 DEBUG org.isen.weather.view.impl.MySimpleView(1.) [Thread-6] updateWeatherInfo ConsolidatedWeatherData(id=5293975340580864, weather_state_name=Clear, weather_state_abbr=c, applicable_date=Sat Jun 22 00:00:00 CEST 2019, min_temp=17.13, max_temp=27.52, the_temp=24.425, wind_speed=8.666765, wind_direction=318.33228, wind_direction_compass=NW, air_pressure=1013.32, humidity=41.0, visibility=14.188079, predictability=68)
2019-06-19 15:54:54,880 DEBUG org.isen.weather.view.impl.MySimpleView(1.) [Thread-7] updateWeatherInfo ConsolidatedWeatherData(id=6724927648432128, weather_state_name=Heavy Cloud, weather_state_abbr=hc, applicable_date=Fri Jun 21 00:00:00 CEST 2019, min_temp=19.445, max_temp=26.76, the_temp=25.16, wind_speed=10.265301, wind_direction=330.37894, wind_direction_compass=NNW, air_pressure=1005.84, humidity=50.0, visibility=12.837839, predictability=71)
2019-06-19 15:54:54,912 DEBUG org.isen.weather.view.impl.MySimpleView(1.) [Thread-6] updateWeatherInfo ConsolidatedWeatherData(id=5721737306046464, weather_state_name=Light Cloud, weather_state_abbr=lc, applicable_date=Sun Jun 23 00:00:00 CEST 2019, min_temp=18.375, max_temp=30.175, the_temp=27.04, wind_speed=5.6412354, wind_direction=298.09848, wind_direction_compass=WNW, air_pressure=1014.895, humidity=39.0, visibility=13.972153, predictability=70)
2019-06-19 15:54:54,943 DEBUG org.isen.weather.view.impl.MySimpleView(1.) [Thread-7] updateWeatherInfo ConsolidatedWeatherData(id=5293975340580864, weather_state_name=Clear, weather_state_abbr=c, applicable_date=Sat Jun 22 00:00:00 CEST 2019, min_temp=17.13, max_temp=27.52, the_temp=24.425, wind_speed=8.666765, wind_direction=318.33228, wind_direction_compass=NW, air_pressure=1013.32, humidity=41.0, visibility=14.188079, predictability=68)
2019-06-19 15:54:54,989 DEBUG org.isen.weather.view.impl.MySimpleView(1.) [Thread-6] updateWeatherInfo ConsolidatedWeatherData(id=6255356189605888, weather_state_name=Heavy Rain, weather_state_abbr=hr, applicable_date=Mon Jun 24 00:00:00 CEST 2019, min_temp=21.59, max_temp=32.745, the_temp=30.75, wind_speed=4.5710406, wind_direction=215.5, wind_direction_compass=SW, air_pressure=1008.99, humidity=57.0, visibility=9.388297, predictability=77)
2019-06-19 15:54:55,005 DEBUG org.isen.weather.view.impl.MySimpleView(1.) [Thread-7] updateWeatherInfo ConsolidatedWeatherData(id=5721737306046464, weather_state_name=Light Cloud, weather_state_abbr=lc, applicable_date=Sun Jun 23 00:00:00 CEST 2019, min_temp=18.375, max_temp=30.175, the_temp=27.04, wind_speed=5.6412354, wind_direction=298.09848, wind_direction_compass=WNW, air_pressure=1014.895, humidity=39.0, visibility=13.972153, predictability=70)
2019-06-19 15:54:55,083 DEBUG org.isen.weather.view.impl.MySimpleView(1.) [Thread-7] updateWeatherInfo ConsolidatedWeatherData(id=6255356189605888, weather_state_name=Heavy Rain, weather_state_abbr=hr, applicable_date=Mon Jun 24 00:00:00 CEST 2019, min_temp=21.59, max_temp=32.745, the_temp=30.75, wind_speed=4.5710406, wind_direction=215.5, wind_direction_compass=SW, air_pressure=1008.99, humidity=57.0, visibility=9.388297, predictability=77)
2019-06-19 15:55:25,603 INFO org.isen.weather.model.impl.DefaultMyWeatherModel(1.) [AWT-EventQueue-0] get location for marseille
2019-06-19 15:55:26,168 INFO org.isen.weather.model.impl.DefaultMyWeatherModel$getLocationFor$2(1.) [Thread-7] StatusCode : 200
2019-06-19 15:55:26,168 INFO org.isen.weather.model.impl.DefaultMyWeatherModel$$special$$inlined$observable$1(1.) [Thread-7] Location property change, notify observer
2019-06-19 15:55:26,168 INFO org.isen.weather.view.impl.MySimpleView(1.) [Thread-7] receive location search data
2019-06-19 15:55:26,168 INFO org.isen.weather.model.impl.DefaultMyWeatherModel(1.) [Thread-7] get weather for 610264
2019-06-19 15:55:26,168 INFO org.isen.weather.view.impl.MySimpleView(1.) [Thread-7] receive location search data
2019-06-19 15:55:26,168 INFO org.isen.weather.model.impl.DefaultMyWeatherModel(1.) [Thread-7] get weather for 610264
2019-06-19 15:55:27,199 INFO org.isen.weather.model.impl.DefaultMyWeatherModel$getWeatherFor$2(1.) [Thread-6] StatusCode : 200
2019-06-19 15:55:27,199 INFO org.isen.weather.model.impl.DefaultMyWeatherModel$$special$$inlined$observable$2(1.) [Thread-6] WeatherData property change, notify observer
2019-06-19 15:55:27,199 INFO org.isen.weather.view.impl.MySimpleView(1.) [Thread-6] receive location data
2019-06-19 15:55:27,199 DEBUG org.isen.weather.view.impl.MySimpleView(1.) [Thread-6] updateWeatherInfo ConsolidatedWeatherData(id=5698138138476544, weather_state_name=Light Cloud, weather_state_abbr=lc, applicable_date=Wed Jun 19 00:00:00 CEST 2019, min_temp=19.005, max_temp=26.415, the_temp=27.1, wind_speed=6.835989, wind_direction=157.16837, wind_direction_compass=SSE, air_pressure=1014.51, humidity=46.0, visibility=15.238818, predictability=70)
2019-06-19 15:55:27,324 DEBUG org.isen.weather.view.impl.MySimpleView(1.) [Thread-6] updateWeatherInfo ConsolidatedWeatherData(id=5719224762761216, weather_state_name=Showers, weather_state_abbr=s, applicable_date=Thu Jun 20 00:00:00 CEST 2019, min_temp=18.715, max_temp=27.84, the_temp=27.865, wind_speed=3.9040043, wind_direction=242.3658, wind_direction_compass=WSW, air_pressure=1013.925, humidity=54.0, visibility=11.237498, predictability=73)
2019-06-19 15:55:27,496 DEBUG org.isen.weather.view.impl.MySimpleView(1.) [Thread-6] updateWeatherInfo ConsolidatedWeatherData(id=5001803491966976, weather_state_name=Heavy Cloud, weather_state_abbr=hc, applicable_date=Fri Jun 21 00:00:00 CEST 2019, min_temp=20.27, max_temp=25.61, the_temp=25.805, wind_speed=5.276598, wind_direction=194.36452, wind_direction_compass=SSW, air_pressure=1014.8, humidity=60.0, visibility=12.454764, predictability=71)
2019-06-19 15:55:27,590 DEBUG org.isen.weather.view.impl.MySimpleView(1.) [Thread-6] updateWeatherInfo ConsolidatedWeatherData(id=5828686823555072, weather_state_name=Light Cloud, weather_state_abbr=lc, applicable_date=Sat Jun 22 00:00:00 CEST 2019, min_temp=19.45, max_temp=28.06, the_temp=28.31, wind_speed=7.3164763, wind_direction=295.11932, wind_direction_compass=WNW, air_pressure=1014.825, humidity=50.0, visibility=13.44523, predictability=70)
2019-06-19 15:55:27,652 DEBUG org.isen.weather.view.impl.MySimpleView(1.) [Thread-6] updateWeatherInfo ConsolidatedWeatherData(id=4761216067043328, weather_state_name=Light Cloud, weather_state_abbr=lc, applicable_date=Sun Jun 23 00:00:00 CEST 2019, min_temp=19.98, max_temp=28.245, the_temp=29.38, wind_speed=4.448677, wind_direction=194.2112, wind_direction_compass=SSW, air_pressure=1015.18, humidity=47.0, visibility=12.386414, predictability=70)
2019-06-19 15:55:27,730 DEBUG org.isen.weather.view.impl.MySimpleView(1.) [Thread-6] updateWeatherInfo ConsolidatedWeatherData(id=5788926432247808, weather_state_name=Light Cloud, weather_state_abbr=lc, applicable_date=Mon Jun 24 00:00:00 CEST 2019, min_temp=21.485, max_temp=29.435, the_temp=29.11, wind_speed=7.8360467, wind_direction=155.0, wind_direction_compass=SSE, air_pressure=1018.56, humidity=48.0, visibility=9.999726, predictability=70)
2019-06-19 15:55:27,824 INFO org.isen.weather.view.impl.MySimpleView(1.) [Thread-6] receive location data
2019-06-19 15:55:27,839 DEBUG org.isen.weather.view.impl.MySimpleView(1.) [Thread-6] updateWeatherInfo ConsolidatedWeatherData(id=5698138138476544, weather_state_name=Light Cloud, weather_state_abbr=lc, applicable_date=Wed Jun 19 00:00:00 CEST 2019, min_temp=19.005, max_temp=26.415, the_temp=27.1, wind_speed=6.835989, wind_direction=157.16837, wind_direction_compass=SSE, air_pressure=1014.51, humidity=46.0, visibility=15.238818, predictability=70)
2019-06-19 15:55:27,917 DEBUG org.isen.weather.view.impl.MySimpleView(1.) [Thread-6] updateWeatherInfo ConsolidatedWeatherData(id=5719224762761216, weather_state_name=Showers, weather_state_abbr=s, applicable_date=Thu Jun 20 00:00:00 CEST 2019, min_temp=18.715, max_temp=27.84, the_temp=27.865, wind_speed=3.9040043, wind_direction=242.3658, wind_direction_compass=WSW, air_pressure=1013.925, humidity=54.0, visibility=11.237498, predictability=73)
2019-06-19 15:55:27,980 DEBUG org.isen.weather.view.impl.MySimpleView(1.) [Thread-6] updateWeatherInfo ConsolidatedWeatherData(id=5001803491966976, weather_state_name=Heavy Cloud, weather_state_abbr=hc, applicable_date=Fri Jun 21 00:00:00 CEST 2019, min_temp=20.27, max_temp=25.61, the_temp=25.805, wind_speed=5.276598, wind_direction=194.36452, wind_direction_compass=SSW, air_pressure=1014.8, humidity=60.0, visibility=12.454764, predictability=71)
2019-06-19 15:55:28,058 DEBUG org.isen.weather.view.impl.MySimpleView(1.) [Thread-6] updateWeatherInfo ConsolidatedWeatherData(id=5828686823555072, weather_state_name=Light Cloud, weather_state_abbr=lc, applicable_date=Sat Jun 22 00:00:00 CEST 2019, min_temp=19.45, max_temp=28.06, the_temp=28.31, wind_speed=7.3164763, wind_direction=295.11932, wind_direction_compass=WNW, air_pressure=1014.825, humidity=50.0, visibility=13.44523, predictability=70)
2019-06-19 15:55:28,136 DEBUG org.isen.weather.view.impl.MySimpleView(1.) [Thread-6] updateWeatherInfo ConsolidatedWeatherData(id=4761216067043328, weather_state_name=Light Cloud, weather_state_abbr=lc, applicable_date=Sun Jun 23 00:00:00 CEST 2019, min_temp=19.98, max_temp=28.245, the_temp=29.38, wind_speed=4.448677, wind_direction=194.2112, wind_direction_compass=SSW, air_pressure=1015.18, humidity=47.0, visibility=12.386414, predictability=70)
2019-06-19 15:55:28,152 INFO org.isen.weather.model.impl.DefaultMyWeatherModel$getWeatherFor$2(1.) [Thread-7] StatusCode : 200
2019-06-19 15:55:28,152 INFO org.isen.weather.model.impl.DefaultMyWeatherModel$$special$$inlined$observable$2(1.) [Thread-7] WeatherData property change, notify observer
2019-06-19 15:55:28,152 INFO org.isen.weather.view.impl.MySimpleView(1.) [Thread-7] receive location data
2019-06-19 15:55:28,152 DEBUG org.isen.weather.view.impl.MySimpleView(1.) [Thread-7] updateWeatherInfo ConsolidatedWeatherData(id=5698138138476544, weather_state_name=Light Cloud, weather_state_abbr=lc, applicable_date=Wed Jun 19 00:00:00 CEST 2019, min_temp=19.005, max_temp=26.415, the_temp=27.1, wind_speed=6.835989, wind_direction=157.16837, wind_direction_compass=SSE, air_pressure=1014.51, humidity=46.0, visibility=15.238818, predictability=70)
2019-06-19 15:55:28,214 DEBUG org.isen.weather.view.impl.MySimpleView(1.) [Thread-6] updateWeatherInfo ConsolidatedWeatherData(id=5788926432247808, weather_state_name=Light Cloud, weather_state_abbr=lc, applicable_date=Mon Jun 24 00:00:00 CEST 2019, min_temp=21.485, max_temp=29.435, the_temp=29.11, wind_speed=7.8360467, wind_direction=155.0, wind_direction_compass=SSE, air_pressure=1018.56, humidity=48.0, visibility=9.999726, predictability=70)
2019-06-19 15:55:28,277 DEBUG org.isen.weather.view.impl.MySimpleView(1.) [Thread-7] updateWeatherInfo ConsolidatedWeatherData(id=5719224762761216, weather_state_name=Showers, weather_state_abbr=s, applicable_date=Thu Jun 20 00:00:00 CEST 2019, min_temp=18.715, max_temp=27.84, the_temp=27.865, wind_speed=3.9040043, wind_direction=242.3658, wind_direction_compass=WSW, air_pressure=1013.925, humidity=54.0, visibility=11.237498, predictability=73)
2019-06-19 15:55:28,355 DEBUG org.isen.weather.view.impl.MySimpleView(1.) [Thread-7] updateWeatherInfo ConsolidatedWeatherData(id=5001803491966976, weather_state_name=Heavy Cloud, weather_state_abbr=hc, applicable_date=Fri Jun 21 00:00:00 CEST 2019, min_temp=20.27, max_temp=25.61, the_temp=25.805, wind_speed=5.276598, wind_direction=194.36452, wind_direction_compass=SSW, air_pressure=1014.8, humidity=60.0, visibility=12.454764, predictability=71)
2019-06-19 15:55:28,433 DEBUG org.isen.weather.view.impl.MySimpleView(1.) [Thread-7] updateWeatherInfo ConsolidatedWeatherData(id=5828686823555072, weather_state_name=Light Cloud, weather_state_abbr=lc, applicable_date=Sat Jun 22 00:00:00 CEST 2019, min_temp=19.45, max_temp=28.06, the_temp=28.31, wind_speed=7.3164763, wind_direction=295.11932, wind_direction_compass=WNW, air_pressure=1014.825, humidity=50.0, visibility=13.44523, predictability=70)
2019-06-19 15:55:28,511 DEBUG org.isen.weather.view.impl.MySimpleView(1.) [Thread-7] updateWeatherInfo ConsolidatedWeatherData(id=4761216067043328, weather_state_name=Light Cloud, weather_state_abbr=lc, applicable_date=Sun Jun 23 00:00:00 CEST 2019, min_temp=19.98, max_temp=28.245, the_temp=29.38, wind_speed=4.448677, wind_direction=194.2112, wind_direction_compass=SSW, air_pressure=1015.18, humidity=47.0, visibility=12.386414, predictability=70)
2019-06-19 15:55:28,573 DEBUG org.isen.weather.view.impl.MySimpleView(1.) [Thread-7] updateWeatherInfo ConsolidatedWeatherData(id=5788926432247808, weather_state_name=Light Cloud, weather_state_abbr=lc, applicable_date=Mon Jun 24 00:00:00 CEST 2019, min_temp=21.485, max_temp=29.435, the_temp=29.11, wind_speed=7.8360467, wind_direction=155.0, wind_direction_compass=SSE, air_pressure=1018.56, humidity=48.0, visibility=9.999726, predictability=70)
2019-06-19 15:55:28,652 INFO org.isen.weather.view.impl.MySimpleView(1.) [Thread-7] receive location data
2019-06-19 15:55:28,667 DEBUG org.isen.weather.view.impl.MySimpleView(1.) [Thread-7] updateWeatherInfo ConsolidatedWeatherData(id=5698138138476544, weather_state_name=Light Cloud, weather_state_abbr=lc, applicable_date=Wed Jun 19 00:00:00 CEST 2019, min_temp=19.005, max_temp=26.415, the_temp=27.1, wind_speed=6.835989, wind_direction=157.16837, wind_direction_compass=SSE, air_pressure=1014.51, humidity=46.0, visibility=15.238818, predictability=70)
2019-06-19 15:55:28,745 DEBUG org.isen.weather.view.impl.MySimpleView(1.) [Thread-7] updateWeatherInfo ConsolidatedWeatherData(id=5719224762761216, weather_state_name=Showers, weather_state_abbr=s, applicable_date=Thu Jun 20 00:00:00 CEST 2019, min_temp=18.715, max_temp=27.84, the_temp=27.865, wind_speed=3.9040043, wind_direction=242.3658, wind_direction_compass=WSW, air_pressure=1013.925, humidity=54.0, visibility=11.237498, predictability=73)
2019-06-19 15:55:28,808 DEBUG org.isen.weather.view.impl.MySimpleView(1.) [Thread-7] updateWeatherInfo ConsolidatedWeatherData(id=5001803491966976, weather_state_name=Heavy Cloud, weather_state_abbr=hc, applicable_date=Fri Jun 21 00:00:00 CEST 2019, min_temp=20.27, max_temp=25.61, the_temp=25.805, wind_speed=5.276598, wind_direction=194.36452, wind_direction_compass=SSW, air_pressure=1014.8, humidity=60.0, visibility=12.454764, predictability=71)
2019-06-19 15:55:28,917 DEBUG org.isen.weather.view.impl.MySimpleView(1.) [Thread-7] updateWeatherInfo ConsolidatedWeatherData(id=5828686823555072, weather_state_name=Light Cloud, weather_state_abbr=lc, applicable_date=Sat Jun 22 00:00:00 CEST 2019, min_temp=19.45, max_temp=28.06, the_temp=28.31, wind_speed=7.3164763, wind_direction=295.11932, wind_direction_compass=WNW, air_pressure=1014.825, humidity=50.0, visibility=13.44523, predictability=70)
2019-06-19 15:55:28,980 DEBUG org.isen.weather.view.impl.MySimpleView(1.) [Thread-7] updateWeatherInfo ConsolidatedWeatherData(id=4761216067043328, weather_state_name=Light Cloud, weather_state_abbr=lc, applicable_date=Sun Jun 23 00:00:00 CEST 2019, min_temp=19.98, max_temp=28.245, the_temp=29.38, wind_speed=4.448677, wind_direction=194.2112, wind_direction_compass=SSW, air_pressure=1015.18, humidity=47.0, visibility=12.386414, predictability=70)
2019-06-19 15:55:29,073 DEBUG org.isen.weather.view.impl.MySimpleView(1.) [Thread-7] updateWeatherInfo ConsolidatedWeatherData(id=5788926432247808, weather_state_name=Light Cloud, weather_state_abbr=lc, applicable_date=Mon Jun 24 00:00:00 CEST 2019, min_temp=21.485, max_temp=29.435, the_temp=29.11, wind_speed=7.8360467, wind_direction=155.0, wind_direction_compass=SSE, air_pressure=1018.56, humidity=48.0, visibility=9.999726, predictability=70)
2019-06-19 15:57:15,383 INFO org.isen.weather.model.impl.DefaultMyWeatherModel(1.) [AWT-EventQueue-0] get location for toulon
2019-06-19 15:57:15,945 INFO org.isen.weather.model.impl.DefaultMyWeatherModel$getLocationFor$2(1.) [Thread-13] StatusCode : 200
2019-06-19 15:57:15,945 INFO org.isen.weather.model.impl.DefaultMyWeatherModel$getLocationFor$2(1.) [Thread-13] StatusCode : -1
2019-06-22 01:59:42,326 INFO org.isen.weather.model.impl.DefaultMyWeatherModel(1.) [AWT-EventQueue-0] get location for 
2019-06-22 01:59:44,317 INFO org.isen.weather.model.impl.DefaultMyWeatherModel$getLocationFor$2(1.) [Thread-6] StatusCode : 403
2019-06-22 01:59:54,009 INFO org.isen.weather.model.impl.DefaultMyWeatherModel(1.) [AWT-EventQueue-0] get location for london
2019-06-22 01:59:57,423 INFO org.isen.weather.model.impl.DefaultMyWeatherModel$getLocationFor$2(1.) [Thread-6] StatusCode : 200
2019-06-22 01:59:57,423 INFO org.isen.weather.model.impl.DefaultMyWeatherModel$$special$$inlined$observable$1(1.) [Thread-6] Location property change, notify observer
2019-06-22 01:59:57,591 INFO org.isen.weather.view.impl.MySimpleView(1.) [Thread-6] receive location search data
2019-06-22 01:59:57,591 INFO org.isen.weather.model.impl.DefaultMyWeatherModel(1.) [Thread-6] get weather for 44418
2019-06-22 01:59:57,607 INFO org.isen.weather.view.impl.MySimpleView(1.) [Thread-6] receive location search data
2019-06-22 01:59:57,607 INFO org.isen.weather.model.impl.DefaultMyWeatherModel(1.) [Thread-6] get weather for 44418
2019-06-22 01:59:59,036 INFO org.isen.weather.model.impl.DefaultMyWeatherModel$getWeatherFor$2(1.) [Thread-6] StatusCode : 200
2019-06-22 01:59:59,036 INFO org.isen.weather.model.impl.DefaultMyWeatherModel$$special$$inlined$observable$2(1.) [Thread-6] WeatherData property change, notify observer
2019-06-22 01:59:59,036 INFO org.isen.weather.view.impl.MySimpleView(1.) [Thread-6] receive location data
2019-06-22 01:59:59,040 DEBUG org.isen.weather.view.impl.MySimpleView(1.) [Thread-6] updateWeatherInfo ConsolidatedWeatherData(id=6705305821904896, weather_state_name=Heavy Cloud, weather_state_abbr=hc, applicable_date=Sat Jun 22 00:00:00 CEST 2019, min_temp=13.315, max_temp=22.48, the_temp=21.62, wind_speed=4.9209843, wind_direction=140.55618, wind_direction_compass=SE, air_pressure=1021.735, humidity=45.0, visibility=13.243284, predictability=71)
2019-06-22 01:59:59,152 INFO org.isen.weather.model.impl.DefaultMyWeatherModel$getWeatherFor$2(1.) [Thread-8] StatusCode : 200
2019-06-22 01:59:59,152 INFO org.isen.weather.model.impl.DefaultMyWeatherModel$$special$$inlined$observable$2(1.) [Thread-8] WeatherData property change, notify observer
2019-06-22 01:59:59,152 INFO org.isen.weather.view.impl.MySimpleView(1.) [Thread-8] receive location data
2019-06-22 01:59:59,152 DEBUG org.isen.weather.view.impl.MySimpleView(1.) [Thread-8] updateWeatherInfo ConsolidatedWeatherData(id=6705305821904896, weather_state_name=Heavy Cloud, weather_state_abbr=hc, applicable_date=Sat Jun 22 00:00:00 CEST 2019, min_temp=13.315, max_temp=22.48, the_temp=21.62, wind_speed=4.9209843, wind_direction=140.55618, wind_direction_compass=SE, air_pressure=1021.735, humidity=45.0, visibility=13.243284, predictability=71)
2019-06-22 01:59:59,202 DEBUG org.isen.weather.view.impl.MySimpleView(1.) [Thread-6] updateWeatherInfo ConsolidatedWeatherData(id=4762441999187968, weather_state_name=Showers, weather_state_abbr=s, applicable_date=Sun Jun 23 00:00:00 CEST 2019, min_temp=14.67, max_temp=25.61, the_temp=24.415, wind_speed=6.7891207, wind_direction=95.98313, wind_direction_compass=E, air_pressure=1017.34, humidity=57.0, visibility=13.990483, predictability=73)
2019-06-22 01:59:59,288 DEBUG org.isen.weather.view.impl.MySimpleView(1.) [Thread-8] updateWeatherInfo ConsolidatedWeatherData(id=4762441999187968, weather_state_name=Showers, weather_state_abbr=s, applicable_date=Sun Jun 23 00:00:00 CEST 2019, min_temp=14.67, max_temp=25.61, the_temp=24.415, wind_speed=6.7891207, wind_direction=95.98313, wind_direction_compass=E, air_pressure=1017.34, humidity=57.0, visibility=13.990483, predictability=73)
2019-06-22 01:59:59,330 DEBUG org.isen.weather.view.impl.MySimpleView(1.) [Thread-6] updateWeatherInfo ConsolidatedWeatherData(id=4532189083467776, weather_state_name=Showers, weather_state_abbr=s, applicable_date=Mon Jun 24 00:00:00 CEST 2019, min_temp=19.34, max_temp=25.275, the_temp=25.385, wind_speed=4.9408417, wind_direction=221.07462, wind_direction_compass=SW, air_pressure=1018.995, humidity=58.0, visibility=11.056058, predictability=73)
2019-06-22 01:59:59,376 DEBUG org.isen.weather.view.impl.MySimpleView(1.) [Thread-8] updateWeatherInfo ConsolidatedWeatherData(id=4532189083467776, weather_state_name=Showers, weather_state_abbr=s, applicable_date=Mon Jun 24 00:00:00 CEST 2019, min_temp=19.34, max_temp=25.275, the_temp=25.385, wind_speed=4.9408417, wind_direction=221.07462, wind_direction_compass=SW, air_pressure=1018.995, humidity=58.0, visibility=11.056058, predictability=73)
2019-06-22 01:59:59,451 DEBUG org.isen.weather.view.impl.MySimpleView(1.) [Thread-6] updateWeatherInfo ConsolidatedWeatherData(id=4590076371664896, weather_state_name=Light Rain, weather_state_abbr=lr, applicable_date=Tue Jun 25 00:00:00 CEST 2019, min_temp=19.475, max_temp=30.415, the_temp=28.17, wind_speed=6.423225, wind_direction=61.8913, wind_direction_compass=ENE, air_pressure=1017.835, humidity=60.0, visibility=12.962113, predictability=75)
2019-06-22 01:59:59,612 DEBUG org.isen.weather.view.impl.MySimpleView(1.) [Thread-8] updateWeatherInfo ConsolidatedWeatherData(id=4590076371664896, weather_state_name=Light Rain, weather_state_abbr=lr, applicable_date=Tue Jun 25 00:00:00 CEST 2019, min_temp=19.475, max_temp=30.415, the_temp=28.17, wind_speed=6.423225, wind_direction=61.8913, wind_direction_compass=ENE, air_pressure=1017.835, humidity=60.0, visibility=12.962113, predictability=75)
2019-06-22 01:59:59,722 DEBUG org.isen.weather.view.impl.MySimpleView(1.) [Thread-6] updateWeatherInfo ConsolidatedWeatherData(id=5369718028369920, weather_state_name=Heavy Cloud, weather_state_abbr=hc, applicable_date=Wed Jun 26 00:00:00 CEST 2019, min_temp=19.895, max_temp=32.67, the_temp=29.77, wind_speed=3.0769982, wind_direction=356.5, wind_direction_compass=N, air_pressure=1022.41, humidity=47.0, visibility=9.999726, predictability=71)
2019-06-22 01:59:59,752 DEBUG org.isen.weather.view.impl.MySimpleView(1.) [Thread-8] updateWeatherInfo ConsolidatedWeatherData(id=5369718028369920, weather_state_name=Heavy Cloud, weather_state_abbr=hc, applicable_date=Wed Jun 26 00:00:00 CEST 2019, min_temp=19.895, max_temp=32.67, the_temp=29.77, wind_speed=3.0769982, wind_direction=356.5, wind_direction_compass=N, air_pressure=1022.41, humidity=47.0, visibility=9.999726, predictability=71)
2019-06-22 01:59:59,808 DEBUG org.isen.weather.view.impl.MySimpleView(1.) [Thread-6] updateWeatherInfo ConsolidatedWeatherData(id=6101324166856704, weather_state_name=Heavy Cloud, weather_state_abbr=hc, applicable_date=Thu Jun 27 00:00:00 CEST 2019, min_temp=22.66, max_temp=34.335, the_temp=32.89, wind_speed=3.5118592, wind_direction=155.0, wind_direction_compass=SSE, air_pressure=1017.26, humidity=51.0, visibility=9.999726, predictability=71)
2019-06-22 01:59:59,840 DEBUG org.isen.weather.view.impl.MySimpleView(1.) [Thread-8] updateWeatherInfo ConsolidatedWeatherData(id=6101324166856704, weather_state_name=Heavy Cloud, weather_state_abbr=hc, applicable_date=Thu Jun 27 00:00:00 CEST 2019, min_temp=22.66, max_temp=34.335, the_temp=32.89, wind_speed=3.5118592, wind_direction=155.0, wind_direction_compass=SSE, air_pressure=1017.26, humidity=51.0, visibility=9.999726, predictability=71)
2019-06-22 01:59:59,901 INFO org.isen.weather.view.impl.MySimpleView(1.) [Thread-6] receive location data
2019-06-22 01:59:59,917 DEBUG org.isen.weather.view.impl.MySimpleView(1.) [Thread-6] updateWeatherInfo ConsolidatedWeatherData(id=6705305821904896, weather_state_name=Heavy Cloud, weather_state_abbr=hc, applicable_date=Sat Jun 22 00:00:00 CEST 2019, min_temp=13.315, max_temp=22.48, the_temp=21.62, wind_speed=4.9209843, wind_direction=140.55618, wind_direction_compass=SE, air_pressure=1021.735, humidity=45.0, visibility=13.243284, predictability=71)
2019-06-22 01:59:59,933 INFO org.isen.weather.view.impl.MySimpleView(1.) [Thread-8] receive location data
2019-06-22 01:59:59,941 DEBUG org.isen.weather.view.impl.MySimpleView(1.) [Thread-8] updateWeatherInfo ConsolidatedWeatherData(id=6705305821904896, weather_state_name=Heavy Cloud, weather_state_abbr=hc, applicable_date=Sat Jun 22 00:00:00 CEST 2019, min_temp=13.315, max_temp=22.48, the_temp=21.62, wind_speed=4.9209843, wind_direction=140.55618, wind_direction_compass=SE, air_pressure=1021.735, humidity=45.0, visibility=13.243284, predictability=71)
2019-06-22 01:59:59,977 DEBUG org.isen.weather.view.impl.MySimpleView(1.) [Thread-6] updateWeatherInfo ConsolidatedWeatherData(id=4762441999187968, weather_state_name=Showers, weather_state_abbr=s, applicable_date=Sun Jun 23 00:00:00 CEST 2019, min_temp=14.67, max_temp=25.61, the_temp=24.415, wind_speed=6.7891207, wind_direction=95.98313, wind_direction_compass=E, air_pressure=1017.34, humidity=57.0, visibility=13.990483, predictability=73)
2019-06-22 02:00:00,019 DEBUG org.isen.weather.view.impl.MySimpleView(1.) [Thread-8] updateWeatherInfo ConsolidatedWeatherData(id=4762441999187968, weather_state_name=Showers, weather_state_abbr=s, applicable_date=Sun Jun 23 00:00:00 CEST 2019, min_temp=14.67, max_temp=25.61, the_temp=24.415, wind_speed=6.7891207, wind_direction=95.98313, wind_direction_compass=E, air_pressure=1017.34, humidity=57.0, visibility=13.990483, predictability=73)
2019-06-22 02:00:00,083 DEBUG org.isen.weather.view.impl.MySimpleView(1.) [Thread-6] updateWeatherInfo ConsolidatedWeatherData(id=4532189083467776, weather_state_name=Showers, weather_state_abbr=s, applicable_date=Mon Jun 24 00:00:00 CEST 2019, min_temp=19.34, max_temp=25.275, the_temp=25.385, wind_speed=4.9408417, wind_direction=221.07462, wind_direction_compass=SW, air_pressure=1018.995, humidity=58.0, visibility=11.056058, predictability=73)
2019-06-22 02:00:00,143 DEBUG org.isen.weather.view.impl.MySimpleView(1.) [Thread-8] updateWeatherInfo ConsolidatedWeatherData(id=4532189083467776, weather_state_name=Showers, weather_state_abbr=s, applicable_date=Mon Jun 24 00:00:00 CEST 2019, min_temp=19.34, max_temp=25.275, the_temp=25.385, wind_speed=4.9408417, wind_direction=221.07462, wind_direction_compass=SW, air_pressure=1018.995, humidity=58.0, visibility=11.056058, predictability=73)
2019-06-22 02:00:00,175 DEBUG org.isen.weather.view.impl.MySimpleView(1.) [Thread-6] updateWeatherInfo ConsolidatedWeatherData(id=4590076371664896, weather_state_name=Light Rain, weather_state_abbr=lr, applicable_date=Tue Jun 25 00:00:00 CEST 2019, min_temp=19.475, max_temp=30.415, the_temp=28.17, wind_speed=6.423225, wind_direction=61.8913, wind_direction_compass=ENE, air_pressure=1017.835, humidity=60.0, visibility=12.962113, predictability=75)
2019-06-22 02:00:00,229 DEBUG org.isen.weather.view.impl.MySimpleView(1.) [Thread-8] updateWeatherInfo ConsolidatedWeatherData(id=4590076371664896, weather_state_name=Light Rain, weather_state_abbr=lr, applicable_date=Tue Jun 25 00:00:00 CEST 2019, min_temp=19.475, max_temp=30.415, the_temp=28.17, wind_speed=6.423225, wind_direction=61.8913, wind_direction_compass=ENE, air_pressure=1017.835, humidity=60.0, visibility=12.962113, predictability=75)
2019-06-22 02:00:00,259 DEBUG org.isen.weather.view.impl.MySimpleView(1.) [Thread-6] updateWeatherInfo ConsolidatedWeatherData(id=5369718028369920, weather_state_name=Heavy Cloud, weather_state_abbr=hc, applicable_date=Wed Jun 26 00:00:00 CEST 2019, min_temp=19.895, max_temp=32.67, the_temp=29.77, wind_speed=3.0769982, wind_direction=356.5, wind_direction_compass=N, air_pressure=1022.41, humidity=47.0, visibility=9.999726, predictability=71)
2019-06-22 02:00:00,293 DEBUG org.isen.weather.view.impl.MySimpleView(1.) [Thread-8] updateWeatherInfo ConsolidatedWeatherData(id=5369718028369920, weather_state_name=Heavy Cloud, weather_state_abbr=hc, applicable_date=Wed Jun 26 00:00:00 CEST 2019, min_temp=19.895, max_temp=32.67, the_temp=29.77, wind_speed=3.0769982, wind_direction=356.5, wind_direction_compass=N, air_pressure=1022.41, humidity=47.0, visibility=9.999726, predictability=71)
2019-06-22 02:00:00,323 DEBUG org.isen.weather.view.impl.MySimpleView(1.) [Thread-6] updateWeatherInfo ConsolidatedWeatherData(id=6101324166856704, weather_state_name=Heavy Cloud, weather_state_abbr=hc, applicable_date=Thu Jun 27 00:00:00 CEST 2019, min_temp=22.66, max_temp=34.335, the_temp=32.89, wind_speed=3.5118592, wind_direction=155.0, wind_direction_compass=SSE, air_pressure=1017.26, humidity=51.0, visibility=9.999726, predictability=71)
2019-06-22 02:00:00,360 DEBUG org.isen.weather.view.impl.MySimpleView(1.) [Thread-8] updateWeatherInfo ConsolidatedWeatherData(id=6101324166856704, weather_state_name=Heavy Cloud, weather_state_abbr=hc, applicable_date=Thu Jun 27 00:00:00 CEST 2019, min_temp=22.66, max_temp=34.335, the_temp=32.89, wind_speed=3.5118592, wind_direction=155.0, wind_direction_compass=SSE, air_pressure=1017.26, humidity=51.0, visibility=9.999726, predictability=71)
2019-06-22 02:01:34,179 INFO org.isen.weather.model.impl.DefaultMyWeatherModel(1.) [AWT-EventQueue-0] get location for paris
2019-06-22 02:01:35,669 INFO org.isen.weather.model.impl.DefaultMyWeatherModel$getLocationFor$2(1.) [Thread-6] StatusCode : 200
2019-06-22 02:01:35,669 INFO org.isen.weather.model.impl.DefaultMyWeatherModel$$special$$inlined$observable$1(1.) [Thread-6] Location property change, notify observer
2019-06-22 02:01:35,833 INFO org.isen.weather.view.impl.MySimpleView(1.) [Thread-6] receive location search data
2019-06-22 02:01:35,833 INFO org.isen.weather.model.impl.DefaultMyWeatherModel(1.) [Thread-6] get weather for 615702
2019-06-22 02:01:35,837 INFO org.isen.weather.view.impl.MySimpleView(1.) [Thread-6] receive location search data
2019-06-22 02:01:35,837 INFO org.isen.weather.model.impl.DefaultMyWeatherModel(1.) [Thread-6] get weather for 615702
2019-06-22 02:01:36,451 INFO org.isen.weather.model.impl.DefaultMyWeatherModel$getWeatherFor$2(1.) [Thread-6] StatusCode : 200
2019-06-22 02:01:36,451 INFO org.isen.weather.model.impl.DefaultMyWeatherModel$$special$$inlined$observable$2(1.) [Thread-6] WeatherData property change, notify observer
2019-06-22 02:01:36,451 INFO org.isen.weather.view.impl.MySimpleView(1.) [Thread-6] receive location data
2019-06-22 02:01:36,451 DEBUG org.isen.weather.view.impl.MySimpleView(1.) [Thread-6] updateWeatherInfo ConsolidatedWeatherData(id=6687211460231168, weather_state_name=Light Cloud, weather_state_abbr=lc, applicable_date=Sat Jun 22 00:00:00 CEST 2019, min_temp=12.225, max_temp=23.975, the_temp=23.285, wind_speed=4.6086974, wind_direction=30.30482, wind_direction_compass=NNE, air_pressure=1019.77, humidity=46.0, visibility=14.8138, predictability=70)
2019-06-22 02:01:36,636 DEBUG org.isen.weather.view.impl.MySimpleView(1.) [Thread-6] updateWeatherInfo ConsolidatedWeatherData(id=5961155291906048, weather_state_name=Heavy Cloud, weather_state_abbr=hc, applicable_date=Sun Jun 23 00:00:00 CEST 2019, min_temp=17.315, max_temp=29.3, the_temp=28.03, wind_speed=6.211905, wind_direction=110.16698, wind_direction_compass=ESE, air_pressure=1016.11, humidity=52.0, visibility=14.660943, predictability=71)
2019-06-22 02:01:36,714 DEBUG org.isen.weather.view.impl.MySimpleView(1.) [Thread-6] updateWeatherInfo ConsolidatedWeatherData(id=5090577500602368, weather_state_name=Heavy Cloud, weather_state_abbr=hc, applicable_date=Mon Jun 24 00:00:00 CEST 2019, min_temp=20.045, max_temp=31.75, the_temp=30.435, wind_speed=4.482282, wind_direction=59.473984, wind_direction_compass=ENE, air_pressure=1017.625, humidity=51.0, visibility=13.733546, predictability=71)
2019-06-22 02:01:36,741 DEBUG org.isen.weather.view.impl.MySimpleView(1.) [Thread-6] updateWeatherInfo ConsolidatedWeatherData(id=5995414903848960, weather_state_name=Light Cloud, weather_state_abbr=lc, applicable_date=Tue Jun 25 00:00:00 CEST 2019, min_temp=21.75, max_temp=34.55, the_temp=33.635, wind_speed=4.5842867, wind_direction=111.5333, wind_direction_compass=ESE, air_pressure=1017.4, humidity=50.0, visibility=14.974424, predictability=70)
2019-06-22 02:01:36,769 DEBUG org.isen.weather.view.impl.MySimpleView(1.) [Thread-6] updateWeatherInfo ConsolidatedWeatherData(id=5649596497788928, weather_state_name=Light Cloud, weather_state_abbr=lc, applicable_date=Wed Jun 26 00:00:00 CEST 2019, min_temp=24.205, max_temp=36.05, the_temp=35.05, wind_speed=5.165222, wind_direction=111.5, wind_direction_compass=ESE, air_pressure=1018.88, humidity=44.0, visibility=9.999726, predictability=70)
2019-06-22 02:01:36,801 DEBUG org.isen.weather.view.impl.MySimpleView(1.) [Thread-6] updateWeatherInfo ConsolidatedWeatherData(id=6429441347551232, weather_state_name=Clear, weather_state_abbr=c, applicable_date=Thu Jun 27 00:00:00 CEST 2019, min_temp=24.755, max_temp=36.59, the_temp=35.89, wind_speed=4.6924057, wind_direction=122.0, wind_direction_compass=ESE, air_pressure=1017.21, humidity=40.0, visibility=9.999726, predictability=68)
2019-06-22 02:01:36,874 INFO org.isen.weather.view.impl.MySimpleView(1.) [Thread-6] receive location data
2019-06-22 02:01:36,874 DEBUG org.isen.weather.view.impl.MySimpleView(1.) [Thread-6] updateWeatherInfo ConsolidatedWeatherData(id=6687211460231168, weather_state_name=Light Cloud, weather_state_abbr=lc, applicable_date=Sat Jun 22 00:00:00 CEST 2019, min_temp=12.225, max_temp=23.975, the_temp=23.285, wind_speed=4.6086974, wind_direction=30.30482, wind_direction_compass=NNE, air_pressure=1019.77, humidity=46.0, visibility=14.8138, predictability=70)
2019-06-22 02:01:36,905 DEBUG org.isen.weather.view.impl.MySimpleView(1.) [Thread-6] updateWeatherInfo ConsolidatedWeatherData(id=5961155291906048, weather_state_name=Heavy Cloud, weather_state_abbr=hc, applicable_date=Sun Jun 23 00:00:00 CEST 2019, min_temp=17.315, max_temp=29.3, the_temp=28.03, wind_speed=6.211905, wind_direction=110.16698, wind_direction_compass=ESE, air_pressure=1016.11, humidity=52.0, visibility=14.660943, predictability=71)
2019-06-22 02:01:36,930 DEBUG org.isen.weather.view.impl.MySimpleView(1.) [Thread-6] updateWeatherInfo ConsolidatedWeatherData(id=5090577500602368, weather_state_name=Heavy Cloud, weather_state_abbr=hc, applicable_date=Mon Jun 24 00:00:00 CEST 2019, min_temp=20.045, max_temp=31.75, the_temp=30.435, wind_speed=4.482282, wind_direction=59.473984, wind_direction_compass=ENE, air_pressure=1017.625, humidity=51.0, visibility=13.733546, predictability=71)
2019-06-22 02:01:37,035 DEBUG org.isen.weather.view.impl.MySimpleView(1.) [Thread-6] updateWeatherInfo ConsolidatedWeatherData(id=5995414903848960, weather_state_name=Light Cloud, weather_state_abbr=lc, applicable_date=Tue Jun 25 00:00:00 CEST 2019, min_temp=21.75, max_temp=34.55, the_temp=33.635, wind_speed=4.5842867, wind_direction=111.5333, wind_direction_compass=ESE, air_pressure=1017.4, humidity=50.0, visibility=14.974424, predictability=70)
2019-06-22 02:01:37,161 DEBUG org.isen.weather.view.impl.MySimpleView(1.) [Thread-6] updateWeatherInfo ConsolidatedWeatherData(id=5649596497788928, weather_state_name=Light Cloud, weather_state_abbr=lc, applicable_date=Wed Jun 26 00:00:00 CEST 2019, min_temp=24.205, max_temp=36.05, the_temp=35.05, wind_speed=5.165222, wind_direction=111.5, wind_direction_compass=ESE, air_pressure=1018.88, humidity=44.0, visibility=9.999726, predictability=70)
2019-06-22 02:01:37,305 DEBUG org.isen.weather.view.impl.MySimpleView(1.) [Thread-6] updateWeatherInfo ConsolidatedWeatherData(id=6429441347551232, weather_state_name=Clear, weather_state_abbr=c, applicable_date=Thu Jun 27 00:00:00 CEST 2019, min_temp=24.755, max_temp=36.59, the_temp=35.89, wind_speed=4.6924057, wind_direction=122.0, wind_direction_compass=ESE, air_pressure=1017.21, humidity=40.0, visibility=9.999726, predictability=68)
2019-06-22 02:01:37,389 INFO org.isen.weather.model.impl.DefaultMyWeatherModel$getWeatherFor$2(1.) [Thread-7] StatusCode : 200
2019-06-22 02:01:37,389 INFO org.isen.weather.model.impl.DefaultMyWeatherModel$$special$$inlined$observable$2(1.) [Thread-7] WeatherData property change, notify observer
2019-06-22 02:01:37,389 INFO org.isen.weather.view.impl.MySimpleView(1.) [Thread-7] receive location data
2019-06-22 02:01:37,393 DEBUG org.isen.weather.view.impl.MySimpleView(1.) [Thread-7] updateWeatherInfo ConsolidatedWeatherData(id=6687211460231168, weather_state_name=Light Cloud, weather_state_abbr=lc, applicable_date=Sat Jun 22 00:00:00 CEST 2019, min_temp=12.225, max_temp=23.975, the_temp=23.285, wind_speed=4.6086974, wind_direction=30.30482, wind_direction_compass=NNE, air_pressure=1019.77, humidity=46.0, visibility=14.8138, predictability=70)
2019-06-22 02:01:37,505 DEBUG org.isen.weather.view.impl.MySimpleView(1.) [Thread-7] updateWeatherInfo ConsolidatedWeatherData(id=5961155291906048, weather_state_name=Heavy Cloud, weather_state_abbr=hc, applicable_date=Sun Jun 23 00:00:00 CEST 2019, min_temp=17.315, max_temp=29.3, the_temp=28.03, wind_speed=6.211905, wind_direction=110.16698, wind_direction_compass=ESE, air_pressure=1016.11, humidity=52.0, visibility=14.660943, predictability=71)
2019-06-22 02:01:37,568 DEBUG org.isen.weather.view.impl.MySimpleView(1.) [Thread-7] updateWeatherInfo ConsolidatedWeatherData(id=5090577500602368, weather_state_name=Heavy Cloud, weather_state_abbr=hc, applicable_date=Mon Jun 24 00:00:00 CEST 2019, min_temp=20.045, max_temp=31.75, the_temp=30.435, wind_speed=4.482282, wind_direction=59.473984, wind_direction_compass=ENE, air_pressure=1017.625, humidity=51.0, visibility=13.733546, predictability=71)
2019-06-22 02:01:37,639 DEBUG org.isen.weather.view.impl.MySimpleView(1.) [Thread-7] updateWeatherInfo ConsolidatedWeatherData(id=5995414903848960, weather_state_name=Light Cloud, weather_state_abbr=lc, applicable_date=Tue Jun 25 00:00:00 CEST 2019, min_temp=21.75, max_temp=34.55, the_temp=33.635, wind_speed=4.5842867, wind_direction=111.5333, wind_direction_compass=ESE, air_pressure=1017.4, humidity=50.0, visibility=14.974424, predictability=70)
2019-06-22 02:01:37,694 DEBUG org.isen.weather.view.impl.MySimpleView(1.) [Thread-7] updateWeatherInfo ConsolidatedWeatherData(id=5649596497788928, weather_state_name=Light Cloud, weather_state_abbr=lc, applicable_date=Wed Jun 26 00:00:00 CEST 2019, min_temp=24.205, max_temp=36.05, the_temp=35.05, wind_speed=5.165222, wind_direction=111.5, wind_direction_compass=ESE, air_pressure=1018.88, humidity=44.0, visibility=9.999726, predictability=70)
2019-06-22 02:01:37,752 DEBUG org.isen.weather.view.impl.MySimpleView(1.) [Thread-7] updateWeatherInfo ConsolidatedWeatherData(id=6429441347551232, weather_state_name=Clear, weather_state_abbr=c, applicable_date=Thu Jun 27 00:00:00 CEST 2019, min_temp=24.755, max_temp=36.59, the_temp=35.89, wind_speed=4.6924057, wind_direction=122.0, wind_direction_compass=ESE, air_pressure=1017.21, humidity=40.0, visibility=9.999726, predictability=68)
2019-06-22 02:01:37,803 INFO org.isen.weather.view.impl.MySimpleView(1.) [Thread-7] receive location data
2019-06-22 02:01:37,803 DEBUG org.isen.weather.view.impl.MySimpleView(1.) [Thread-7] updateWeatherInfo ConsolidatedWeatherData(id=6687211460231168, weather_state_name=Light Cloud, weather_state_abbr=lc, applicable_date=Sat Jun 22 00:00:00 CEST 2019, min_temp=12.225, max_temp=23.975, the_temp=23.285, wind_speed=4.6086974, wind_direction=30.30482, wind_direction_compass=NNE, air_pressure=1019.77, humidity=46.0, visibility=14.8138, predictability=70)
2019-06-22 02:01:37,871 DEBUG org.isen.weather.view.impl.MySimpleView(1.) [Thread-7] updateWeatherInfo ConsolidatedWeatherData(id=5961155291906048, weather_state_name=Heavy Cloud, weather_state_abbr=hc, applicable_date=Sun Jun 23 00:00:00 CEST 2019, min_temp=17.315, max_temp=29.3, the_temp=28.03, wind_speed=6.211905, wind_direction=110.16698, wind_direction_compass=ESE, air_pressure=1016.11, humidity=52.0, visibility=14.660943, predictability=71)
2019-06-22 02:01:37,928 DEBUG org.isen.weather.view.impl.MySimpleView(1.) [Thread-7] updateWeatherInfo ConsolidatedWeatherData(id=5090577500602368, weather_state_name=Heavy Cloud, weather_state_abbr=hc, applicable_date=Mon Jun 24 00:00:00 CEST 2019, min_temp=20.045, max_temp=31.75, the_temp=30.435, wind_speed=4.482282, wind_direction=59.473984, wind_direction_compass=ENE, air_pressure=1017.625, humidity=51.0, visibility=13.733546, predictability=71)
2019-06-22 02:01:37,978 DEBUG org.isen.weather.view.impl.MySimpleView(1.) [Thread-7] updateWeatherInfo ConsolidatedWeatherData(id=5995414903848960, weather_state_name=Light Cloud, weather_state_abbr=lc, applicable_date=Tue Jun 25 00:00:00 CEST 2019, min_temp=21.75, max_temp=34.55, the_temp=33.635, wind_speed=4.5842867, wind_direction=111.5333, wind_direction_compass=ESE, air_pressure=1017.4, humidity=50.0, visibility=14.974424, predictability=70)
2019-06-22 02:01:38,082 DEBUG org.isen.weather.view.impl.MySimpleView(1.) [Thread-7] updateWeatherInfo ConsolidatedWeatherData(id=5649596497788928, weather_state_name=Light Cloud, weather_state_abbr=lc, applicable_date=Wed Jun 26 00:00:00 CEST 2019, min_temp=24.205, max_temp=36.05, the_temp=35.05, wind_speed=5.165222, wind_direction=111.5, wind_direction_compass=ESE, air_pressure=1018.88, humidity=44.0, visibility=9.999726, predictability=70)
2019-06-22 02:01:38,182 DEBUG org.isen.weather.view.impl.MySimpleView(1.) [Thread-7] updateWeatherInfo ConsolidatedWeatherData(id=6429441347551232, weather_state_name=Clear, weather_state_abbr=c, applicable_date=Thu Jun 27 00:00:00 CEST 2019, min_temp=24.755, max_temp=36.59, the_temp=35.89, wind_speed=4.6924057, wind_direction=122.0, wind_direction_compass=ESE, air_pressure=1017.21, humidity=40.0, visibility=9.999726, predictability=68)
2019-06-25 00:01:06,770 INFO org.isen.weather.model.impl.DefaultMyWeatherModel(1.) [AWT-EventQueue-0] get location for paris
2019-06-25 00:01:08,572 INFO org.isen.weather.model.impl.DefaultMyWeatherModel$getLocationFor$2(1.) [Thread-6] StatusCode : 200
2019-06-25 00:01:08,574 INFO org.isen.weather.model.impl.DefaultMyWeatherModel$$special$$inlined$observable$1(1.) [Thread-6] Location property change, notify observer
2019-06-25 00:01:08,781 INFO org.isen.weather.view.impl.MySimpleView(1.) [Thread-6] receive location search data
2019-06-25 00:01:08,783 INFO org.isen.weather.model.impl.DefaultMyWeatherModel(1.) [Thread-6] get weather for 615702
2019-06-25 00:01:08,807 INFO org.isen.weather.view.impl.MySimpleView(1.) [Thread-6] receive location search data
2019-06-25 00:01:08,808 INFO org.isen.weather.model.impl.DefaultMyWeatherModel(1.) [Thread-6] get weather for 615702
2019-06-25 00:01:09,670 INFO org.isen.weather.model.impl.DefaultMyWeatherModel$getWeatherFor$2(1.) [Thread-7] StatusCode : 200
2019-06-25 00:01:09,670 INFO org.isen.weather.model.impl.DefaultMyWeatherModel$$special$$inlined$observable$2(1.) [Thread-7] WeatherData property change, notify observer
2019-06-25 00:01:09,671 INFO org.isen.weather.view.impl.MySimpleView(1.) [Thread-7] receive location data
2019-06-25 00:01:09,672 DEBUG org.isen.weather.view.impl.MySimpleView(1.) [Thread-7] updateWeatherInfo ConsolidatedWeatherData(id=6720480679559168, weather_state_name=Heavy Cloud, weather_state_abbr=hc, applicable_date=Tue Jun 25 00:00:00 CEST 2019, min_temp=20.62, max_temp=30.895, the_temp=30.725, wind_speed=3.6074555, wind_direction=299.31848, wind_direction_compass=WNW, air_pressure=1017.785, humidity=57.0, visibility=11.489153, predictability=71)
2019-06-25 00:01:09,873 DEBUG org.isen.weather.view.impl.MySimpleView(1.) [Thread-7] updateWeatherInfo ConsolidatedWeatherData(id=6705951757303808, weather_state_name=Light Cloud, weather_state_abbr=lc, applicable_date=Wed Jun 26 00:00:00 CEST 2019, min_temp=20.655, max_temp=33.06, the_temp=33.31, wind_speed=6.5622187, wind_direction=48.947758, wind_direction_compass=NE, air_pressure=1021.975, humidity=54.0, visibility=12.962424, predictability=70)
2019-06-25 00:01:09,995 DEBUG org.isen.weather.view.impl.MySimpleView(1.) [Thread-7] updateWeatherInfo ConsolidatedWeatherData(id=6713431979720704, weather_state_name=Clear, weather_state_abbr=c, applicable_date=Thu Jun 27 00:00:00 CEST 2019, min_temp=21.145, max_temp=33.55, the_temp=32.695, wind_speed=6.9855905, wind_direction=75.04281, wind_direction_compass=ENE, air_pressure=1022.44, humidity=50.0, visibility=12.906501, predictability=68)
2019-06-25 00:01:10,054 INFO org.isen.weather.model.impl.DefaultMyWeatherModel$getWeatherFor$2(1.) [Thread-6] StatusCode : 200
2019-06-25 00:01:10,055 INFO org.isen.weather.model.impl.DefaultMyWeatherModel$$special$$inlined$observable$2(1.) [Thread-6] WeatherData property change, notify observer
2019-06-25 00:01:10,055 INFO org.isen.weather.view.impl.MySimpleView(1.) [Thread-6] receive location data
2019-06-25 00:01:10,056 DEBUG org.isen.weather.view.impl.MySimpleView(1.) [Thread-6] updateWeatherInfo ConsolidatedWeatherData(id=6720480679559168, weather_state_name=Heavy Cloud, weather_state_abbr=hc, applicable_date=Tue Jun 25 00:00:00 CEST 2019, min_temp=20.62, max_temp=30.895, the_temp=30.725, wind_speed=3.6074555, wind_direction=299.31848, wind_direction_compass=WNW, air_pressure=1017.785, humidity=57.0, visibility=11.489153, predictability=71)
2019-06-25 00:01:10,101 DEBUG org.isen.weather.view.impl.MySimpleView(1.) [Thread-7] updateWeatherInfo ConsolidatedWeatherData(id=5774801425661952, weather_state_name=Clear, weather_state_abbr=c, applicable_date=Fri Jun 28 00:00:00 CEST 2019, min_temp=20.545, max_temp=34.22, the_temp=32.335, wind_speed=5.8803644, wind_direction=80.46121, wind_direction_compass=E, air_pressure=1020.88, humidity=38.0, visibility=14.98592, predictability=68)
2019-06-25 00:01:10,140 DEBUG org.isen.weather.view.impl.MySimpleView(1.) [Thread-6] updateWeatherInfo ConsolidatedWeatherData(id=6705951757303808, weather_state_name=Light Cloud, weather_state_abbr=lc, applicable_date=Wed Jun 26 00:00:00 CEST 2019, min_temp=20.655, max_temp=33.06, the_temp=33.31, wind_speed=6.5622187, wind_direction=48.947758, wind_direction_compass=NE, air_pressure=1021.975, humidity=54.0, visibility=12.962424, predictability=70)
2019-06-25 00:01:10,153 DEBUG org.isen.weather.view.impl.MySimpleView(1.) [Thread-7] updateWeatherInfo ConsolidatedWeatherData(id=4852649197305856, weather_state_name=Clear, weather_state_abbr=c, applicable_date=Sat Jun 29 00:00:00 CEST 2019, min_temp=23.115, max_temp=35.77, the_temp=32.31, wind_speed=4.610216, wind_direction=140.5, wind_direction_compass=SE, air_pressure=1016.28, humidity=37.0, visibility=9.999726, predictability=68)
2019-06-25 00:01:10,195 DEBUG org.isen.weather.view.impl.MySimpleView(1.) [Thread-6] updateWeatherInfo ConsolidatedWeatherData(id=6713431979720704, weather_state_name=Clear, weather_state_abbr=c, applicable_date=Thu Jun 27 00:00:00 CEST 2019, min_temp=21.145, max_temp=33.55, the_temp=32.695, wind_speed=6.9855905, wind_direction=75.04281, wind_direction_compass=ENE, air_pressure=1022.44, humidity=50.0, visibility=12.906501, predictability=68)
2019-06-25 00:01:10,204 DEBUG org.isen.weather.view.impl.MySimpleView(1.) [Thread-7] updateWeatherInfo ConsolidatedWeatherData(id=6365220995858432, weather_state_name=Heavy Cloud, weather_state_abbr=hc, applicable_date=Sun Jun 30 00:00:00 CEST 2019, min_temp=17.32, max_temp=26.52, the_temp=26.07, wind_speed=6.067696, wind_direction=309.5, wind_direction_compass=NW, air_pressure=1017.23, humidity=49.0, visibility=9.999726, predictability=71)
2019-06-25 00:01:10,243 DEBUG org.isen.weather.view.impl.MySimpleView(1.) [Thread-6] updateWeatherInfo ConsolidatedWeatherData(id=5774801425661952, weather_state_name=Clear, weather_state_abbr=c, applicable_date=Fri Jun 28 00:00:00 CEST 2019, min_temp=20.545, max_temp=34.22, the_temp=32.335, wind_speed=5.8803644, wind_direction=80.46121, wind_direction_compass=E, air_pressure=1020.88, humidity=38.0, visibility=14.98592, predictability=68)
2019-06-25 00:01:10,283 INFO org.isen.weather.view.impl.MySimpleView(1.) [Thread-7] receive location data
2019-06-25 00:01:10,306 DEBUG org.isen.weather.view.impl.MySimpleView(1.) [Thread-7] updateWeatherInfo ConsolidatedWeatherData(id=6720480679559168, weather_state_name=Heavy Cloud, weather_state_abbr=hc, applicable_date=Tue Jun 25 00:00:00 CEST 2019, min_temp=20.62, max_temp=30.895, the_temp=30.725, wind_speed=3.6074555, wind_direction=299.31848, wind_direction_compass=WNW, air_pressure=1017.785, humidity=57.0, visibility=11.489153, predictability=71)
2019-06-25 00:01:10,307 DEBUG org.isen.weather.view.impl.MySimpleView(1.) [Thread-6] updateWeatherInfo ConsolidatedWeatherData(id=4852649197305856, weather_state_name=Clear, weather_state_abbr=c, applicable_date=Sat Jun 29 00:00:00 CEST 2019, min_temp=23.115, max_temp=35.77, the_temp=32.31, wind_speed=4.610216, wind_direction=140.5, wind_direction_compass=SE, air_pressure=1016.28, humidity=37.0, visibility=9.999726, predictability=68)
2019-06-25 00:01:10,362 DEBUG org.isen.weather.view.impl.MySimpleView(1.) [Thread-7] updateWeatherInfo ConsolidatedWeatherData(id=6705951757303808, weather_state_name=Light Cloud, weather_state_abbr=lc, applicable_date=Wed Jun 26 00:00:00 CEST 2019, min_temp=20.655, max_temp=33.06, the_temp=33.31, wind_speed=6.5622187, wind_direction=48.947758, wind_direction_compass=NE, air_pressure=1021.975, humidity=54.0, visibility=12.962424, predictability=70)
2019-06-25 00:01:10,384 DEBUG org.isen.weather.view.impl.MySimpleView(1.) [Thread-6] updateWeatherInfo ConsolidatedWeatherData(id=6365220995858432, weather_state_name=Heavy Cloud, weather_state_abbr=hc, applicable_date=Sun Jun 30 00:00:00 CEST 2019, min_temp=17.32, max_temp=26.52, the_temp=26.07, wind_speed=6.067696, wind_direction=309.5, wind_direction_compass=NW, air_pressure=1017.23, humidity=49.0, visibility=9.999726, predictability=71)
2019-06-25 00:01:10,407 DEBUG org.isen.weather.view.impl.MySimpleView(1.) [Thread-7] updateWeatherInfo ConsolidatedWeatherData(id=6713431979720704, weather_state_name=Clear, weather_state_abbr=c, applicable_date=Thu Jun 27 00:00:00 CEST 2019, min_temp=21.145, max_temp=33.55, the_temp=32.695, wind_speed=6.9855905, wind_direction=75.04281, wind_direction_compass=ENE, air_pressure=1022.44, humidity=50.0, visibility=12.906501, predictability=68)
2019-06-25 00:01:10,448 INFO org.isen.weather.view.impl.MySimpleView(1.) [Thread-6] receive location data
2019-06-25 00:01:10,457 DEBUG org.isen.weather.view.impl.MySimpleView(1.) [Thread-6] updateWeatherInfo ConsolidatedWeatherData(id=6720480679559168, weather_state_name=Heavy Cloud, weather_state_abbr=hc, applicable_date=Tue Jun 25 00:00:00 CEST 2019, min_temp=20.62, max_temp=30.895, the_temp=30.725, wind_speed=3.6074555, wind_direction=299.31848, wind_direction_compass=WNW, air_pressure=1017.785, humidity=57.0, visibility=11.489153, predictability=71)
2019-06-25 00:01:10,470 DEBUG org.isen.weather.view.impl.MySimpleView(1.) [Thread-7] updateWeatherInfo ConsolidatedWeatherData(id=5774801425661952, weather_state_name=Clear, weather_state_abbr=c, applicable_date=Fri Jun 28 00:00:00 CEST 2019, min_temp=20.545, max_temp=34.22, the_temp=32.335, wind_speed=5.8803644, wind_direction=80.46121, wind_direction_compass=E, air_pressure=1020.88, humidity=38.0, visibility=14.98592, predictability=68)
2019-06-25 00:01:10,513 DEBUG org.isen.weather.view.impl.MySimpleView(1.) [Thread-6] updateWeatherInfo ConsolidatedWeatherData(id=6705951757303808, weather_state_name=Light Cloud, weather_state_abbr=lc, applicable_date=Wed Jun 26 00:00:00 CEST 2019, min_temp=20.655, max_temp=33.06, the_temp=33.31, wind_speed=6.5622187, wind_direction=48.947758, wind_direction_compass=NE, air_pressure=1021.975, humidity=54.0, visibility=12.962424, predictability=70)
2019-06-25 00:01:10,520 DEBUG org.isen.weather.view.impl.MySimpleView(1.) [Thread-7] updateWeatherInfo ConsolidatedWeatherData(id=4852649197305856, weather_state_name=Clear, weather_state_abbr=c, applicable_date=Sat Jun 29 00:00:00 CEST 2019, min_temp=23.115, max_temp=35.77, the_temp=32.31, wind_speed=4.610216, wind_direction=140.5, wind_direction_compass=SE, air_pressure=1016.28, humidity=37.0, visibility=9.999726, predictability=68)
2019-06-25 00:01:10,585 DEBUG org.isen.weather.view.impl.MySimpleView(1.) [Thread-7] updateWeatherInfo ConsolidatedWeatherData(id=6365220995858432, weather_state_name=Heavy Cloud, weather_state_abbr=hc, applicable_date=Sun Jun 30 00:00:00 CEST 2019, min_temp=17.32, max_temp=26.52, the_temp=26.07, wind_speed=6.067696, wind_direction=309.5, wind_direction_compass=NW, air_pressure=1017.23, humidity=49.0, visibility=9.999726, predictability=71)
2019-06-25 00:01:10,599 DEBUG org.isen.weather.view.impl.MySimpleView(1.) [Thread-6] updateWeatherInfo ConsolidatedWeatherData(id=6713431979720704, weather_state_name=Clear, weather_state_abbr=c, applicable_date=Thu Jun 27 00:00:00 CEST 2019, min_temp=21.145, max_temp=33.55, the_temp=32.695, wind_speed=6.9855905, wind_direction=75.04281, wind_direction_compass=ENE, air_pressure=1022.44, humidity=50.0, visibility=12.906501, predictability=68)
2019-06-25 00:01:10,663 DEBUG org.isen.weather.view.impl.MySimpleView(1.) [Thread-6] updateWeatherInfo ConsolidatedWeatherData(id=5774801425661952, weather_state_name=Clear, weather_state_abbr=c, applicable_date=Fri Jun 28 00:00:00 CEST 2019, min_temp=20.545, max_temp=34.22, the_temp=32.335, wind_speed=5.8803644, wind_direction=80.46121, wind_direction_compass=E, air_pressure=1020.88, humidity=38.0, visibility=14.98592, predictability=68)
2019-06-25 00:01:10,719 DEBUG org.isen.weather.view.impl.MySimpleView(1.) [Thread-6] updateWeatherInfo ConsolidatedWeatherData(id=4852649197305856, weather_state_name=Clear, weather_state_abbr=c, applicable_date=Sat Jun 29 00:00:00 CEST 2019, min_temp=23.115, max_temp=35.77, the_temp=32.31, wind_speed=4.610216, wind_direction=140.5, wind_direction_compass=SE, air_pressure=1016.28, humidity=37.0, visibility=9.999726, predictability=68)
2019-06-25 00:01:10,769 DEBUG org.isen.weather.view.impl.MySimpleView(1.) [Thread-6] updateWeatherInfo ConsolidatedWeatherData(id=6365220995858432, weather_state_name=Heavy Cloud, weather_state_abbr=hc, applicable_date=Sun Jun 30 00:00:00 CEST 2019, min_temp=17.32, max_temp=26.52, the_temp=26.07, wind_speed=6.067696, wind_direction=309.5, wind_direction_compass=NW, air_pressure=1017.23, humidity=49.0, visibility=9.999726, predictability=71)
